Command line invocation:
    /Applications/Xcode.app/Contents/Developer/usr/bin/xcodebuild -project AudioSampleBuffer.xcodeproj -scheme AudioSampleBuffer -configuration Debug -sdk iphoneos -destination generic/platform=iOS -derivedDataPath build/GlassDeviceDerivedData CODE_SIGNING_ALLOWED=NO build

Build settings from command line:
    CODE_SIGNING_ALLOWED = NO
    SDKROOT = iphoneos26.0

ComputePackagePrebuildTargetDependencyGraph

Prepare packages

CreateBuildRequest

SendProjectDescription

CreateBuildOperation

ComputeTargetDependencyGraph
note: Building targets in dependency order
note: Target dependency graph (1 target)
    Target 'AudioSampleBuffer' in project 'AudioSampleBuffer' (no dependencies)

GatherProvisioningInputs

CreateBuildDescription

ClangStatCache /Applications/Xcode.app/Contents/Developer/Toolchains/XcodeDefault.xctoolchain/usr/bin/clang-stat-cache /Applications/Xcode.app/Contents/Developer/Platforms/iPhoneOS.platform/Developer/SDKs/iPhoneOS26.0.sdk /Users/lzz/Documents/GitHub/AudioSampleBuffer/build/GlassDeviceDerivedData/SDKStatCaches.noindex/iphoneos26.0-23A339-3885c01c3e6b6a337905948deab2002e81ce72e5b06c9602b9d30b56f2eed08a.sdkstatcache
    cd /Users/lzz/Documents/GitHub/AudioSampleBuffer/AudioSampleBuffer.xcodeproj
    /Applications/Xcode.app/Contents/Developer/Toolchains/XcodeDefault.xctoolchain/usr/bin/clang-stat-cache /Applications/Xcode.app/Contents/Developer/Platforms/iPhoneOS.platform/Developer/SDKs/iPhoneOS26.0.sdk -o /Users/lzz/Documents/GitHub/AudioSampleBuffer/build/GlassDeviceDerivedData/SDKStatCaches.noindex/iphoneos26.0-23A339-3885c01c3e6b6a337905948deab2002e81ce72e5b06c9602b9d30b56f2eed08a.sdkstatcache

ScanDependencies /Users/lzz/Documents/GitHub/AudioSampleBuffer/build/GlassDeviceDerivedData/Build/Intermediates.noindex/AudioSampleBuffer.build/Debug-iphoneos/AudioSampleBuffer.build/Objects-normal/arm64/EffectSelectorView.o /Users/lzz/Documents/GitHub/AudioSampleBuffer/AudioSampleBuffer/VisualEffects/UI/EffectSelectorView.m normal arm64 objective-c com.apple.compilers.llvm.clang.1_0.compiler (in target 'AudioSampleBuffer' from project 'AudioSampleBuffer')
    cd /Users/lzz/Documents/GitHub/AudioSampleBuffer
    
    Using response file: /Users/lzz/Documents/GitHub/AudioSampleBuffer/build/GlassDeviceDerivedData/Build/Intermediates.noindex/AudioSampleBuffer.build/Debug-iphoneos/AudioSampleBuffer.build/Objects-normal/arm64/e6072d4f65d7061329687fe24e3d63a7-common-args.resp
    
    builtin-ScanDependencies -o /Users/lzz/Documents/GitHub/AudioSampleBuffer/build/GlassDeviceDerivedData/Build/Intermediates.noindex/AudioSampleBuffer.build/Debug-iphoneos/AudioSampleBuffer.build/Objects-normal/arm64/EffectSelectorView.o.scan -- /Applications/Xcode.app/Contents/Developer/Toolchains/XcodeDefault.xctoolchain/usr/bin/clang -x objective-c -ivfsstatcache /Users/lzz/Documents/GitHub/AudioSampleBuffer/build/GlassDeviceDerivedData/SDKStatCaches.noindex/iphoneos26.0-23A339-3885c01c3e6b6a337905948deab2002e81ce72e5b06c9602b9d30b56f2eed08a.sdkstatcache -fmessage-length\=0 -fdiagnostics-show-note-include-stack -fmacro-backtrace-limit\=0 -fno-color-diagnostics -fmodules-prune-interval\=86400 -fmodules-prune-after\=345600 -fbuild-session-file\=/Users/lzz/Documents/GitHub/AudioSampleBuffer/build/GlassDeviceDerivedData/ModuleCache.noindex/Session.modulevalidation -fmodules-validate-once-per-build-session -Wnon-modular-include-in-framework-module -Werror\=non-modular-include-in-framework-module -Wno-trigraphs -Wno-missing-field-initializers -Wno-missing-prototypes -Werror\=return-type -Wdocumentation -Wunreachable-code -Wquoted-include-in-framework-header -Wno-implicit-atomic-properties -Werror\=deprecated-objc-isa-usage -Wno-objc-interface-ivars -Werror\=objc-root-class -Wno-arc-repeated-use-of-weak -Wimplicit-retain-self -Wduplicate-method-match -Wno-missing-braces -Wparentheses -Wswitch -Wunused-function -Wno-unused-label -Wno-unused-parameter -Wunused-variable -Wunused-value -Wempty-body -Wuninitialized -Wconditional-uninitialized -Wno-unknown-pragmas -Wno-shadow -Wno-four-char-constants -Wno-conversion -Wconstant-conversion -Wint-conversion -Wbool-conversion -Wenum-conversion -Wno-float-conversion -Wnon-literal-null-conversion -Wobjc-literal-conversion -Wshorten-64-to-32 -Wpointer-sign -Wno-newline-eof -Wno-selector -Wno-strict-selector-match -Wundeclared-selector -Wdeprecated-implementations -Wno-implicit-fallthrough -fstrict-aliasing -Wprotocol -Wdeprecated-declarations -Wno-sign-conversion -Winfinite-recursion -Wcomma -Wblock-capture-autoreleasing -Wstrict-prototypes -Wno-semicolon-before-method-body -Wunguarded-availability -index-store-path /Users/lzz/Documents/GitHub/AudioSampleBuffer/build/GlassDeviceDerivedData/Index.noindex/DataStore @/Users/lzz/Documents/GitHub/AudioSampleBuffer/build/GlassDeviceDerivedData/Build/Intermediates.noindex/AudioSampleBuffer.build/Debug-iphoneos/AudioSampleBuffer.build/Objects-normal/arm64/e6072d4f65d7061329687fe24e3d63a7-common-args.resp -MMD -MT dependencies -MF /Users/lzz/Documents/GitHub/AudioSampleBuffer/build/GlassDeviceDerivedData/Build/Intermediates.noindex/AudioSampleBuffer.build/Debug-iphoneos/AudioSampleBuffer.build/Objects-normal/arm64/EffectSelectorView.d --serialize-diagnostics /Users/lzz/Documents/GitHub/AudioSampleBuffer/build/GlassDeviceDerivedData/Build/Intermediates.noindex/AudioSampleBuffer.build/Debug-iphoneos/AudioSampleBuffer.build/Objects-normal/arm64/EffectSelectorView.dia -c /Users/lzz/Documents/GitHub/AudioSampleBuffer/AudioSampleBuffer/VisualEffects/UI/EffectSelectorView.m -o /Users/lzz/Documents/GitHub/AudioSampleBuffer/build/GlassDeviceDerivedData/Build/Intermediates.noindex/AudioSampleBuffer.build/Debug-iphoneos/AudioSampleBuffer.build/Objects-normal/arm64/EffectSelectorView.o -index-unit-output-path /AudioSampleBuffer.build/Debug-iphoneos/AudioSampleBuffer.build/Objects-normal/arm64/EffectSelectorView.o

CompileC /Users/lzz/Documents/GitHub/AudioSampleBuffer/build/GlassDeviceDerivedData/Build/Intermediates.noindex/AudioSampleBuffer.build/Debug-iphoneos/AudioSampleBuffer.build/Objects-normal/arm64/EffectSelectorView.o /Users/lzz/Documents/GitHub/AudioSampleBuffer/AudioSampleBuffer/VisualEffects/UI/EffectSelectorView.m normal arm64 objective-c com.apple.compilers.llvm.clang.1_0.compiler (in target 'AudioSampleBuffer' from project 'AudioSampleBuffer')
    cd /Users/lzz/Documents/GitHub/AudioSampleBuffer
    
    Using response file: /Users/lzz/Documents/GitHub/AudioSampleBuffer/build/GlassDeviceDerivedData/Build/Intermediates.noindex/AudioSampleBuffer.build/Debug-iphoneos/AudioSampleBuffer.build/Objects-normal/arm64/e6072d4f65d7061329687fe24e3d63a7-common-args.resp
    
    /Applications/Xcode.app/Contents/Developer/Toolchains/XcodeDefault.xctoolchain/usr/bin/clang -x objective-c -ivfsstatcache /Users/lzz/Documents/GitHub/AudioSampleBuffer/build/GlassDeviceDerivedData/SDKStatCaches.noindex/iphoneos26.0-23A339-3885c01c3e6b6a337905948deab2002e81ce72e5b06c9602b9d30b56f2eed08a.sdkstatcache -fmessage-length\=0 -fdiagnostics-show-note-include-stack -fmacro-backtrace-limit\=0 -fno-color-diagnostics -fmodules-prune-interval\=86400 -fmodules-prune-after\=345600 -fbuild-session-file\=/Users/lzz/Documents/GitHub/AudioSampleBuffer/build/GlassDeviceDerivedData/ModuleCache.noindex/Session.modulevalidation -fmodules-validate-once-per-build-session -Wnon-modular-include-in-framework-module -Werror\=non-modular-include-in-framework-module -Wno-trigraphs -Wno-missing-field-initializers -Wno-missing-prototypes -Werror\=return-type -Wdocumentation -Wunreachable-code -Wquoted-include-in-framework-header -Wno-implicit-atomic-properties -Werror\=deprecated-objc-isa-usage -Wno-objc-interface-ivars -Werror\=objc-root-class -Wno-arc-repeated-use-of-weak -Wimplicit-retain-self -Wduplicate-method-match -Wno-missing-braces -Wparentheses -Wswitch -Wunused-function -Wno-unused-label -Wno-unused-parameter -Wunused-variable -Wunused-value -Wempty-body -Wuninitialized -Wconditional-uninitialized -Wno-unknown-pragmas -Wno-shadow -Wno-four-char-constants -Wno-conversion -Wconstant-conversion -Wint-conversion -Wbool-conversion -Wenum-conversion -Wno-float-conversion -Wnon-literal-null-conversion -Wobjc-literal-conversion -Wshorten-64-to-32 -Wpointer-sign -Wno-newline-eof -Wno-selector -Wno-strict-selector-match -Wundeclared-selector -Wdeprecated-implementations -Wno-implicit-fallthrough -fstrict-aliasing -Wprotocol -Wdeprecated-declarations -Wno-sign-conversion -Winfinite-recursion -Wcomma -Wblock-capture-autoreleasing -Wstrict-prototypes -Wno-semicolon-before-method-body -Wunguarded-availability -index-store-path /Users/lzz/Documents/GitHub/AudioSampleBuffer/build/GlassDeviceDerivedData/Index.noindex/DataStore @/Users/lzz/Documents/GitHub/AudioSampleBuffer/build/GlassDeviceDerivedData/Build/Intermediates.noindex/AudioSampleBuffer.build/Debug-iphoneos/AudioSampleBuffer.build/Objects-normal/arm64/e6072d4f65d7061329687fe24e3d63a7-common-args.resp -MMD -MT dependencies -MF /Users/lzz/Documents/GitHub/AudioSampleBuffer/build/GlassDeviceDerivedData/Build/Intermediates.noindex/AudioSampleBuffer.build/Debug-iphoneos/AudioSampleBuffer.build/Objects-normal/arm64/EffectSelectorView.d --serialize-diagnostics /Users/lzz/Documents/GitHub/AudioSampleBuffer/build/GlassDeviceDerivedData/Build/Intermediates.noindex/AudioSampleBuffer.build/Debug-iphoneos/AudioSampleBuffer.build/Objects-normal/arm64/EffectSelectorView.dia -c /Users/lzz/Documents/GitHub/AudioSampleBuffer/AudioSampleBuffer/VisualEffects/UI/EffectSelectorView.m -o /Users/lzz/Documents/GitHub/AudioSampleBuffer/build/GlassDeviceDerivedData/Build/Intermediates.noindex/AudioSampleBuffer.build/Debug-iphoneos/AudioSampleBuffer.build/Objects-normal/arm64/EffectSelectorView.o -index-unit-output-path /AudioSampleBuffer.build/Debug-iphoneos/AudioSampleBuffer.build/Objects-normal/arm64/EffectSelectorView.o
/Users/lzz/Documents/GitHub/AudioSampleBuffer/AudioSampleBuffer/VisualEffects/UI/EffectSelectorView.m:609:37: warning: assigning to 'id<UICollectionViewDelegate> _Nullable' from incompatible type 'EffectSelectorView *const __strong'
  609 |     _effectsCollectionView.delegate = self;
      |                                     ^ ~~~~
/Users/lzz/Documents/GitHub/AudioSampleBuffer/AudioSampleBuffer/VisualEffects/UI/EffectSelectorView.m:610:39: warning: assigning to 'id<UICollectionViewDataSource> _Nullable' from incompatible type 'EffectSelectorView *const __strong'
  610 |     _effectsCollectionView.dataSource = self;
      |                                       ^ ~~~~
/Users/lzz/Documents/GitHub/AudioSampleBuffer/AudioSampleBuffer/VisualEffects/UI/EffectSelectorView.m:701:21: warning: unused variable 'cardView' [-Wunused-variable]
  701 |     EffectCardView *cardView = notification.object;
      |                     ^~~~~~~~
/Users/lzz/Documents/GitHub/AudioSampleBuffer/AudioSampleBuffer/VisualEffects/UI/EffectSelectorView.m:799:17: warning: method definition for 'updateForEffectType:' not found [-Wincomplete-implementation]
  799 | @implementation EffectSettingsPanel
      |                 ^
  800 | // 设置面板实现...
  801 | @end
In file included from /Users/lzz/Documents/GitHub/AudioSampleBuffer/AudioSampleBuffer/VisualEffects/UI/EffectSelectorView.m:8:
/Users/lzz/Documents/GitHub/AudioSampleBuffer/AudioSampleBuffer/VisualEffects/UI/EffectSelectorView.h:83:1: note: method 'updateForEffectType:' declared here
   83 | - (void)updateForEffectType:(VisualEffectType)effectType;
      | ^
/Users/lzz/Documents/GitHub/AudioSampleBuffer/AudioSampleBuffer/VisualEffects/UI/EffectSelectorView.m:799:17: warning: method definition for 'showWithAnimation:' not found [-Wincomplete-implementation]
  799 | @implementation EffectSettingsPanel
      |                 ^
  800 | // 设置面板实现...
  801 | @end
In file included from /Users/lzz/Documents/GitHub/AudioSampleBuffer/AudioSampleBuffer/VisualEffects/UI/EffectSelectorView.m:8:
/Users/lzz/Documents/GitHub/AudioSampleBuffer/AudioSampleBuffer/VisualEffects/UI/EffectSelectorView.h:84:1: note: method 'showWithAnimation:' declared here
   84 | - (void)showWithAnimation:(BOOL)animated;
      | ^
/Users/lzz/Documents/GitHub/AudioSampleBuffer/AudioSampleBuffer/VisualEffects/UI/EffectSelectorView.m:799:17: warning: method definition for 'hideWithAnimation:' not found [-Wincomplete-implementation]
  799 | @implementation EffectSettingsPanel
      |                 ^
  800 | // 设置面板实现...
  801 | @end
In file included from /Users/lzz/Documents/GitHub/AudioSampleBuffer/AudioSampleBuffer/VisualEffects/UI/EffectSelectorView.m:8:
/Users/lzz/Documents/GitHub/AudioSampleBuffer/AudioSampleBuffer/VisualEffects/UI/EffectSelectorView.h:85:1: note: method 'hideWithAnimation:' declared here
   85 | - (void)hideWithAnimation:(BOOL)animated;
      | ^
/Users/lzz/Documents/GitHub/AudioSampleBuffer/AudioSampleBuffer/VisualEffects/UI/EffectSelectorView.m:805:17: warning: method definition for 'showPreviewForEffect:' not found [-Wincomplete-implementation]
  805 | @implementation EffectPreviewWindow
      |                 ^
  806 | // 预览窗口实现...
  807 | @end
In file included from /Users/lzz/Documents/GitHub/AudioSampleBuffer/AudioSampleBuffer/VisualEffects/UI/EffectSelectorView.m:8:
/Users/lzz/Documents/GitHub/AudioSampleBuffer/AudioSampleBuffer/VisualEffects/UI/EffectSelectorView.h:96:1: note: method 'showPreviewForEffect:' declared here
   96 | - (void)showPreviewForEffect:(VisualEffectType)effectType;
      | ^
/Users/lzz/Documents/GitHub/AudioSampleBuffer/AudioSampleBuffer/VisualEffects/UI/EffectSelectorView.m:805:17: warning: method definition for 'hidePreview' not found [-Wincomplete-implementation]
  805 | @implementation EffectPreviewWindow
      |                 ^
  806 | // 预览窗口实现...
  807 | @end
In file included from /Users/lzz/Documents/GitHub/AudioSampleBuffer/AudioSampleBuffer/VisualEffects/UI/EffectSelectorView.m:8:
/Users/lzz/Documents/GitHub/AudioSampleBuffer/AudioSampleBuffer/VisualEffects/UI/EffectSelectorView.h:97:1: note: method 'hidePreview' declared here
   97 | - (void)hidePreview;
      | ^
8 warnings generated.

ScanDependencies /Users/lzz/Documents/GitHub/AudioSampleBuffer/build/GlassDeviceDerivedData/Build/Intermediates.noindex/AudioSampleBuffer.build/Debug-iphoneos/AudioSampleBuffer.build/Objects-normal/arm64/ViewController+Visuals.o /Users/lzz/Documents/GitHub/AudioSampleBuffer/AudioSampleBuffer/ViewController+Visuals.m normal arm64 objective-c com.apple.compilers.llvm.clang.1_0.compiler (in target 'AudioSampleBuffer' from project 'AudioSampleBuffer')
    cd /Users/lzz/Documents/GitHub/AudioSampleBuffer
    
    Using response file: /Users/lzz/Documents/GitHub/AudioSampleBuffer/build/GlassDeviceDerivedData/Build/Intermediates.noindex/AudioSampleBuffer.build/Debug-iphoneos/AudioSampleBuffer.build/Objects-normal/arm64/e6072d4f65d7061329687fe24e3d63a7-common-args.resp
    
    builtin-ScanDependencies -o /Users/lzz/Documents/GitHub/AudioSampleBuffer/build/GlassDeviceDerivedData/Build/Intermediates.noindex/AudioSampleBuffer.build/Debug-iphoneos/AudioSampleBuffer.build/Objects-normal/arm64/ViewController+Visuals.o.scan -- /Applications/Xcode.app/Contents/Developer/Toolchains/XcodeDefault.xctoolchain/usr/bin/clang -x objective-c -ivfsstatcache /Users/lzz/Documents/GitHub/AudioSampleBuffer/build/GlassDeviceDerivedData/SDKStatCaches.noindex/iphoneos26.0-23A339-3885c01c3e6b6a337905948deab2002e81ce72e5b06c9602b9d30b56f2eed08a.sdkstatcache -fmessage-length\=0 -fdiagnostics-show-note-include-stack -fmacro-backtrace-limit\=0 -fno-color-diagnostics -fmodules-prune-interval\=86400 -fmodules-prune-after\=345600 -fbuild-session-file\=/Users/lzz/Documents/GitHub/AudioSampleBuffer/build/GlassDeviceDerivedData/ModuleCache.noindex/Session.modulevalidation -fmodules-validate-once-per-build-session -Wnon-modular-include-in-framework-module -Werror\=non-modular-include-in-framework-module -Wno-trigraphs -Wno-missing-field-initializers -Wno-missing-prototypes -Werror\=return-type -Wdocumentation -Wunreachable-code -Wquoted-include-in-framework-header -Wno-implicit-atomic-properties -Werror\=deprecated-objc-isa-usage -Wno-objc-interface-ivars -Werror\=objc-root-class -Wno-arc-repeated-use-of-weak -Wimplicit-retain-self -Wduplicate-method-match -Wno-missing-braces -Wparentheses -Wswitch -Wunused-function -Wno-unused-label -Wno-unused-parameter -Wunused-variable -Wunused-value -Wempty-body -Wuninitialized -Wconditional-uninitialized -Wno-unknown-pragmas -Wno-shadow -Wno-four-char-constants -Wno-conversion -Wconstant-conversion -Wint-conversion -Wbool-conversion -Wenum-conversion -Wno-float-conversion -Wnon-literal-null-conversion -Wobjc-literal-conversion -Wshorten-64-to-32 -Wpointer-sign -Wno-newline-eof -Wno-selector -Wno-strict-selector-match -Wundeclared-selector -Wdeprecated-implementations -Wno-implicit-fallthrough -fstrict-aliasing -Wprotocol -Wdeprecated-declarations -Wno-sign-conversion -Winfinite-recursion -Wcomma -Wblock-capture-autoreleasing -Wstrict-prototypes -Wno-semicolon-before-method-body -Wunguarded-availability -index-store-path /Users/lzz/Documents/GitHub/AudioSampleBuffer/build/GlassDeviceDerivedData/Index.noindex/DataStore @/Users/lzz/Documents/GitHub/AudioSampleBuffer/build/GlassDeviceDerivedData/Build/Intermediates.noindex/AudioSampleBuffer.build/Debug-iphoneos/AudioSampleBuffer.build/Objects-normal/arm64/e6072d4f65d7061329687fe24e3d63a7-common-args.resp -MMD -MT dependencies -MF /Users/lzz/Documents/GitHub/AudioSampleBuffer/build/GlassDeviceDerivedData/Build/Intermediates.noindex/AudioSampleBuffer.build/Debug-iphoneos/AudioSampleBuffer.build/Objects-normal/arm64/ViewController+Visuals.d --serialize-diagnostics /Users/lzz/Documents/GitHub/AudioSampleBuffer/build/GlassDeviceDerivedData/Build/Intermediates.noindex/AudioSampleBuffer.build/Debug-iphoneos/AudioSampleBuffer.build/Objects-normal/arm64/ViewController+Visuals.dia -c /Users/lzz/Documents/GitHub/AudioSampleBuffer/AudioSampleBuffer/ViewController+Visuals.m -o /Users/lzz/Documents/GitHub/AudioSampleBuffer/build/GlassDeviceDerivedData/Build/Intermediates.noindex/AudioSampleBuffer.build/Debug-iphoneos/AudioSampleBuffer.build/Objects-normal/arm64/ViewController+Visuals.o -index-unit-output-path /AudioSampleBuffer.build/Debug-iphoneos/AudioSampleBuffer.build/Objects-normal/arm64/ViewController+Visuals.o

ScanDependencies /Users/lzz/Documents/GitHub/AudioSampleBuffer/build/GlassDeviceDerivedData/Build/Intermediates.noindex/AudioSampleBuffer.build/Debug-iphoneos/AudioSampleBuffer.build/Objects-normal/arm64/MetalRenderer.o /Users/lzz/Documents/GitHub/AudioSampleBuffer/AudioSampleBuffer/VisualEffects/Metal/MetalRenderer.m normal arm64 objective-c com.apple.compilers.llvm.clang.1_0.compiler (in target 'AudioSampleBuffer' from project 'AudioSampleBuffer')
    cd /Users/lzz/Documents/GitHub/AudioSampleBuffer
    
    Using response file: /Users/lzz/Documents/GitHub/AudioSampleBuffer/build/GlassDeviceDerivedData/Build/Intermediates.noindex/AudioSampleBuffer.build/Debug-iphoneos/AudioSampleBuffer.build/Objects-normal/arm64/e6072d4f65d7061329687fe24e3d63a7-common-args.resp
    
    builtin-ScanDependencies -o /Users/lzz/Documents/GitHub/AudioSampleBuffer/build/GlassDeviceDerivedData/Build/Intermediates.noindex/AudioSampleBuffer.build/Debug-iphoneos/AudioSampleBuffer.build/Objects-normal/arm64/MetalRenderer.o.scan -- /Applications/Xcode.app/Contents/Developer/Toolchains/XcodeDefault.xctoolchain/usr/bin/clang -x objective-c -ivfsstatcache /Users/lzz/Documents/GitHub/AudioSampleBuffer/build/GlassDeviceDerivedData/SDKStatCaches.noindex/iphoneos26.0-23A339-3885c01c3e6b6a337905948deab2002e81ce72e5b06c9602b9d30b56f2eed08a.sdkstatcache -fmessage-length\=0 -fdiagnostics-show-note-include-stack -fmacro-backtrace-limit\=0 -fno-color-diagnostics -fmodules-prune-interval\=86400 -fmodules-prune-after\=345600 -fbuild-session-file\=/Users/lzz/Documents/GitHub/AudioSampleBuffer/build/GlassDeviceDerivedData/ModuleCache.noindex/Session.modulevalidation -fmodules-validate-once-per-build-session -Wnon-modular-include-in-framework-module -Werror\=non-modular-include-in-framework-module -Wno-trigraphs -Wno-missing-field-initializers -Wno-missing-prototypes -Werror\=return-type -Wdocumentation -Wunreachable-code -Wquoted-include-in-framework-header -Wno-implicit-atomic-properties -Werror\=deprecated-objc-isa-usage -Wno-objc-interface-ivars -Werror\=objc-root-class -Wno-arc-repeated-use-of-weak -Wimplicit-retain-self -Wduplicate-method-match -Wno-missing-braces -Wparentheses -Wswitch -Wunused-function -Wno-unused-label -Wno-unused-parameter -Wunused-variable -Wunused-value -Wempty-body -Wuninitialized -Wconditional-uninitialized -Wno-unknown-pragmas -Wno-shadow -Wno-four-char-constants -Wno-conversion -Wconstant-conversion -Wint-conversion -Wbool-conversion -Wenum-conversion -Wno-float-conversion -Wnon-literal-null-conversion -Wobjc-literal-conversion -Wshorten-64-to-32 -Wpointer-sign -Wno-newline-eof -Wno-selector -Wno-strict-selector-match -Wundeclared-selector -Wdeprecated-implementations -Wno-implicit-fallthrough -fstrict-aliasing -Wprotocol -Wdeprecated-declarations -Wno-sign-conversion -Winfinite-recursion -Wcomma -Wblock-capture-autoreleasing -Wstrict-prototypes -Wno-semicolon-before-method-body -Wunguarded-availability -index-store-path /Users/lzz/Documents/GitHub/AudioSampleBuffer/build/GlassDeviceDerivedData/Index.noindex/DataStore @/Users/lzz/Documents/GitHub/AudioSampleBuffer/build/GlassDeviceDerivedData/Build/Intermediates.noindex/AudioSampleBuffer.build/Debug-iphoneos/AudioSampleBuffer.build/Objects-normal/arm64/e6072d4f65d7061329687fe24e3d63a7-common-args.resp -MMD -MT dependencies -MF /Users/lzz/Documents/GitHub/AudioSampleBuffer/build/GlassDeviceDerivedData/Build/Intermediates.noindex/AudioSampleBuffer.build/Debug-iphoneos/AudioSampleBuffer.build/Objects-normal/arm64/MetalRenderer.d --serialize-diagnostics /Users/lzz/Documents/GitHub/AudioSampleBuffer/build/GlassDeviceDerivedData/Build/Intermediates.noindex/AudioSampleBuffer.build/Debug-iphoneos/AudioSampleBuffer.build/Objects-normal/arm64/MetalRenderer.dia -c /Users/lzz/Documents/GitHub/AudioSampleBuffer/AudioSampleBuffer/VisualEffects/Metal/MetalRenderer.m -o /Users/lzz/Documents/GitHub/AudioSampleBuffer/build/GlassDeviceDerivedData/Build/Intermediates.noindex/AudioSampleBuffer.build/Debug-iphoneos/AudioSampleBuffer.build/Objects-normal/arm64/MetalRenderer.o -index-unit-output-path /AudioSampleBuffer.build/Debug-iphoneos/AudioSampleBuffer.build/Objects-normal/arm64/MetalRenderer.o

ScanDependencies /Users/lzz/Documents/GitHub/AudioSampleBuffer/build/GlassDeviceDerivedData/Build/Intermediates.noindex/AudioSampleBuffer.build/Debug-iphoneos/AudioSampleBuffer.build/Objects-normal/arm64/VisualEffectManager.o /Users/lzz/Documents/GitHub/AudioSampleBuffer/AudioSampleBuffer/VisualEffects/Core/VisualEffectManager.m normal arm64 objective-c com.apple.compilers.llvm.clang.1_0.compiler (in target 'AudioSampleBuffer' from project 'AudioSampleBuffer')
    cd /Users/lzz/Documents/GitHub/AudioSampleBuffer
    
    Using response file: /Users/lzz/Documents/GitHub/AudioSampleBuffer/build/GlassDeviceDerivedData/Build/Intermediates.noindex/AudioSampleBuffer.build/Debug-iphoneos/AudioSampleBuffer.build/Objects-normal/arm64/e6072d4f65d7061329687fe24e3d63a7-common-args.resp
    
    builtin-ScanDependencies -o /Users/lzz/Documents/GitHub/AudioSampleBuffer/build/GlassDeviceDerivedData/Build/Intermediates.noindex/AudioSampleBuffer.build/Debug-iphoneos/AudioSampleBuffer.build/Objects-normal/arm64/VisualEffectManager.o.scan -- /Applications/Xcode.app/Contents/Developer/Toolchains/XcodeDefault.xctoolchain/usr/bin/clang -x objective-c -ivfsstatcache /Users/lzz/Documents/GitHub/AudioSampleBuffer/build/GlassDeviceDerivedData/SDKStatCaches.noindex/iphoneos26.0-23A339-3885c01c3e6b6a337905948deab2002e81ce72e5b06c9602b9d30b56f2eed08a.sdkstatcache -fmessage-length\=0 -fdiagnostics-show-note-include-stack -fmacro-backtrace-limit\=0 -fno-color-diagnostics -fmodules-prune-interval\=86400 -fmodules-prune-after\=345600 -fbuild-session-file\=/Users/lzz/Documents/GitHub/AudioSampleBuffer/build/GlassDeviceDerivedData/ModuleCache.noindex/Session.modulevalidation -fmodules-validate-once-per-build-session -Wnon-modular-include-in-framework-module -Werror\=non-modular-include-in-framework-module -Wno-trigraphs -Wno-missing-field-initializers -Wno-missing-prototypes -Werror\=return-type -Wdocumentation -Wunreachable-code -Wquoted-include-in-framework-header -Wno-implicit-atomic-properties -Werror\=deprecated-objc-isa-usage -Wno-objc-interface-ivars -Werror\=objc-root-class -Wno-arc-repeated-use-of-weak -Wimplicit-retain-self -Wduplicate-method-match -Wno-missing-braces -Wparentheses -Wswitch -Wunused-function -Wno-unused-label -Wno-unused-parameter -Wunused-variable -Wunused-value -Wempty-body -Wuninitialized -Wconditional-uninitialized -Wno-unknown-pragmas -Wno-shadow -Wno-four-char-constants -Wno-conversion -Wconstant-conversion -Wint-conversion -Wbool-conversion -Wenum-conversion -Wno-float-conversion -Wnon-literal-null-conversion -Wobjc-literal-conversion -Wshorten-64-to-32 -Wpointer-sign -Wno-newline-eof -Wno-selector -Wno-strict-selector-match -Wundeclared-selector -Wdeprecated-implementations -Wno-implicit-fallthrough -fstrict-aliasing -Wprotocol -Wdeprecated-declarations -Wno-sign-conversion -Winfinite-recursion -Wcomma -Wblock-capture-autoreleasing -Wstrict-prototypes -Wno-semicolon-before-method-body -Wunguarded-availability -index-store-path /Users/lzz/Documents/GitHub/AudioSampleBuffer/build/GlassDeviceDerivedData/Index.noindex/DataStore @/Users/lzz/Documents/GitHub/AudioSampleBuffer/build/GlassDeviceDerivedData/Build/Intermediates.noindex/AudioSampleBuffer.build/Debug-iphoneos/AudioSampleBuffer.build/Objects-normal/arm64/e6072d4f65d7061329687fe24e3d63a7-common-args.resp -MMD -MT dependencies -MF /Users/lzz/Documents/GitHub/AudioSampleBuffer/build/GlassDeviceDerivedData/Build/Intermediates.noindex/AudioSampleBuffer.build/Debug-iphoneos/AudioSampleBuffer.build/Objects-normal/arm64/VisualEffectManager.d --serialize-diagnostics /Users/lzz/Documents/GitHub/AudioSampleBuffer/build/GlassDeviceDerivedData/Build/Intermediates.noindex/AudioSampleBuffer.build/Debug-iphoneos/AudioSampleBuffer.build/Objects-normal/arm64/VisualEffectManager.dia -c /Users/lzz/Documents/GitHub/AudioSampleBuffer/AudioSampleBuffer/VisualEffects/Core/VisualEffectManager.m -o /Users/lzz/Documents/GitHub/AudioSampleBuffer/build/GlassDeviceDerivedData/Build/Intermediates.noindex/AudioSampleBuffer.build/Debug-iphoneos/AudioSampleBuffer.build/Objects-normal/arm64/VisualEffectManager.o -index-unit-output-path /AudioSampleBuffer.build/Debug-iphoneos/AudioSampleBuffer.build/Objects-normal/arm64/VisualEffectManager.o

CompileC /Users/lzz/Documents/GitHub/AudioSampleBuffer/build/GlassDeviceDerivedData/Build/Intermediates.noindex/AudioSampleBuffer.build/Debug-iphoneos/AudioSampleBuffer.build/Objects-normal/arm64/MetalRenderer.o /Users/lzz/Documents/GitHub/AudioSampleBuffer/AudioSampleBuffer/VisualEffects/Metal/MetalRenderer.m normal arm64 objective-c com.apple.compilers.llvm.clang.1_0.compiler (in target 'AudioSampleBuffer' from project 'AudioSampleBuffer')
    cd /Users/lzz/Documents/GitHub/AudioSampleBuffer
    
    Using response file: /Users/lzz/Documents/GitHub/AudioSampleBuffer/build/GlassDeviceDerivedData/Build/Intermediates.noindex/AudioSampleBuffer.build/Debug-iphoneos/AudioSampleBuffer.build/Objects-normal/arm64/e6072d4f65d7061329687fe24e3d63a7-common-args.resp
    
    /Applications/Xcode.app/Contents/Developer/Toolchains/XcodeDefault.xctoolchain/usr/bin/clang -x objective-c -ivfsstatcache /Users/lzz/Documents/GitHub/AudioSampleBuffer/build/GlassDeviceDerivedData/SDKStatCaches.noindex/iphoneos26.0-23A339-3885c01c3e6b6a337905948deab2002e81ce72e5b06c9602b9d30b56f2eed08a.sdkstatcache -fmessage-length\=0 -fdiagnostics-show-note-include-stack -fmacro-backtrace-limit\=0 -fno-color-diagnostics -fmodules-prune-interval\=86400 -fmodules-prune-after\=345600 -fbuild-session-file\=/Users/lzz/Documents/GitHub/AudioSampleBuffer/build/GlassDeviceDerivedData/ModuleCache.noindex/Session.modulevalidation -fmodules-validate-once-per-build-session -Wnon-modular-include-in-framework-module -Werror\=non-modular-include-in-framework-module -Wno-trigraphs -Wno-missing-field-initializers -Wno-missing-prototypes -Werror\=return-type -Wdocumentation -Wunreachable-code -Wquoted-include-in-framework-header -Wno-implicit-atomic-properties -Werror\=deprecated-objc-isa-usage -Wno-objc-interface-ivars -Werror\=objc-root-class -Wno-arc-repeated-use-of-weak -Wimplicit-retain-self -Wduplicate-method-match -Wno-missing-braces -Wparentheses -Wswitch -Wunused-function -Wno-unused-label -Wno-unused-parameter -Wunused-variable -Wunused-value -Wempty-body -Wuninitialized -Wconditional-uninitialized -Wno-unknown-pragmas -Wno-shadow -Wno-four-char-constants -Wno-conversion -Wconstant-conversion -Wint-conversion -Wbool-conversion -Wenum-conversion -Wno-float-conversion -Wnon-literal-null-conversion -Wobjc-literal-conversion -Wshorten-64-to-32 -Wpointer-sign -Wno-newline-eof -Wno-selector -Wno-strict-selector-match -Wundeclared-selector -Wdeprecated-implementations -Wno-implicit-fallthrough -fstrict-aliasing -Wprotocol -Wdeprecated-declarations -Wno-sign-conversion -Winfinite-recursion -Wcomma -Wblock-capture-autoreleasing -Wstrict-prototypes -Wno-semicolon-before-method-body -Wunguarded-availability -index-store-path /Users/lzz/Documents/GitHub/AudioSampleBuffer/build/GlassDeviceDerivedData/Index.noindex/DataStore @/Users/lzz/Documents/GitHub/AudioSampleBuffer/build/GlassDeviceDerivedData/Build/Intermediates.noindex/AudioSampleBuffer.build/Debug-iphoneos/AudioSampleBuffer.build/Objects-normal/arm64/e6072d4f65d7061329687fe24e3d63a7-common-args.resp -MMD -MT dependencies -MF /Users/lzz/Documents/GitHub/AudioSampleBuffer/build/GlassDeviceDerivedData/Build/Intermediates.noindex/AudioSampleBuffer.build/Debug-iphoneos/AudioSampleBuffer.build/Objects-normal/arm64/MetalRenderer.d --serialize-diagnostics /Users/lzz/Documents/GitHub/AudioSampleBuffer/build/GlassDeviceDerivedData/Build/Intermediates.noindex/AudioSampleBuffer.build/Debug-iphoneos/AudioSampleBuffer.build/Objects-normal/arm64/MetalRenderer.dia -c /Users/lzz/Documents/GitHub/AudioSampleBuffer/AudioSampleBuffer/VisualEffects/Metal/MetalRenderer.m -o /Users/lzz/Documents/GitHub/AudioSampleBuffer/build/GlassDeviceDerivedData/Build/Intermediates.noindex/AudioSampleBuffer.build/Debug-iphoneos/AudioSampleBuffer.build/Objects-normal/arm64/MetalRenderer.o -index-unit-output-path /AudioSampleBuffer.build/Debug-iphoneos/AudioSampleBuffer.build/Objects-normal/arm64/MetalRenderer.o
/Users/lzz/Documents/GitHub/AudioSampleBuffer/AudioSampleBuffer/VisualEffects/Metal/MetalRenderer.m:180:36: warning: null passed to a callee that requires a non-null argument [-Wnonnull]
  180 |         self.currentSpectrumData = nil;
      |                                    ^~~
In module 'Foundation' imported from /Users/lzz/Documents/GitHub/AudioSampleBuffer/AudioSampleBuffer/VisualEffects/Metal/MetalRenderer.h:8:
In module 'CoreFoundation' imported from /Applications/Xcode.app/Contents/Developer/Platforms/iPhoneOS.platform/Developer/SDKs/iPhoneOS.sdk/System/Library/Frameworks/Foundation.framework/Headers/Foundation.h:6:
In module 'Darwin' imported from /Applications/Xcode.app/Contents/Developer/Platforms/iPhoneOS.platform/Developer/SDKs/iPhoneOS26.0.sdk/System/Library/Frameworks/CoreFoundation.framework/Headers/CFBase.h:75:
/Applications/Xcode.app/Contents/Developer/Platforms/iPhoneOS.platform/Developer/SDKs/iPhoneOS.sdk/usr/include/MacTypes.h:96:19: note: expanded from macro 'nil'
   96 |       #define nil __DARWIN_NULL
      |                   ^~~~~~~~~~~~~
In module '_DarwinFoundation2' imported from /Applications/Xcode.app/Contents/Developer/Platforms/iPhoneOS.platform/Developer/SDKs/iPhoneOS26.0.sdk/usr/include/string.h:58:
/Applications/Xcode.app/Contents/Developer/Platforms/iPhoneOS.platform/Developer/SDKs/iPhoneOS26.0.sdk/usr/include/sys/_types.h:52:23: note: expanded from macro '__DARWIN_NULL'
   52 | #define __DARWIN_NULL NULL
      |                       ^~~~
In module '_DarwinFoundation2' imported from /Applications/Xcode.app/Contents/Developer/Platforms/iPhoneOS.platform/Developer/SDKs/iPhoneOS26.0.sdk/usr/include/string.h:58:
In module '_Builtin_stddef' imported from /Applications/Xcode.app/Contents/Developer/Toolchains/XcodeDefault.xctoolchain/usr/lib/clang/17/include/stddef.h:93:
/Applications/Xcode.app/Contents/Developer/Toolchains/XcodeDefault.xctoolchain/usr/lib/clang/17/include/__stddef_null.h:26:14: note: expanded from macro 'NULL'
   26 | #define NULL ((void*)0)
      |              ^~~~~~~~~~
/Users/lzz/Documents/GitHub/AudioSampleBuffer/AudioSampleBuffer/VisualEffects/Metal/MetalRenderer.m:1295:84: warning: incomplete format specifier [-Wformat]
 1295 |     NSLog(@"✨ 漂浮光点: 超轻量级 - 8光球(高音变色)+5星点，GPU<20%");
      |                                                                  ^
/Users/lzz/Documents/GitHub/AudioSampleBuffer/AudioSampleBuffer/VisualEffects/Metal/MetalRenderer.m:1286:15: warning: unused variable 'deviceName' [-Wunused-variable]
 1286 |     NSString *deviceName = self.device.name;
      |               ^~~~~~~~~~
3 warnings generated.

CompileC /Users/lzz/Documents/GitHub/AudioSampleBuffer/build/GlassDeviceDerivedData/Build/Intermediates.noindex/AudioSampleBuffer.build/Debug-iphoneos/AudioSampleBuffer.build/Objects-normal/arm64/VisualEffectManager.o /Users/lzz/Documents/GitHub/AudioSampleBuffer/AudioSampleBuffer/VisualEffects/Core/VisualEffectManager.m normal arm64 objective-c com.apple.compilers.llvm.clang.1_0.compiler (in target 'AudioSampleBuffer' from project 'AudioSampleBuffer')
    cd /Users/lzz/Documents/GitHub/AudioSampleBuffer
    
    Using response file: /Users/lzz/Documents/GitHub/AudioSampleBuffer/build/GlassDeviceDerivedData/Build/Intermediates.noindex/AudioSampleBuffer.build/Debug-iphoneos/AudioSampleBuffer.build/Objects-normal/arm64/e6072d4f65d7061329687fe24e3d63a7-common-args.resp
    
    /Applications/Xcode.app/Contents/Developer/Toolchains/XcodeDefault.xctoolchain/usr/bin/clang -x objective-c -ivfsstatcache /Users/lzz/Documents/GitHub/AudioSampleBuffer/build/GlassDeviceDerivedData/SDKStatCaches.noindex/iphoneos26.0-23A339-3885c01c3e6b6a337905948deab2002e81ce72e5b06c9602b9d30b56f2eed08a.sdkstatcache -fmessage-length\=0 -fdiagnostics-show-note-include-stack -fmacro-backtrace-limit\=0 -fno-color-diagnostics -fmodules-prune-interval\=86400 -fmodules-prune-after\=345600 -fbuild-session-file\=/Users/lzz/Documents/GitHub/AudioSampleBuffer/build/GlassDeviceDerivedData/ModuleCache.noindex/Session.modulevalidation -fmodules-validate-once-per-build-session -Wnon-modular-include-in-framework-module -Werror\=non-modular-include-in-framework-module -Wno-trigraphs -Wno-missing-field-initializers -Wno-missing-prototypes -Werror\=return-type -Wdocumentation -Wunreachable-code -Wquoted-include-in-framework-header -Wno-implicit-atomic-properties -Werror\=deprecated-objc-isa-usage -Wno-objc-interface-ivars -Werror\=objc-root-class -Wno-arc-repeated-use-of-weak -Wimplicit-retain-self -Wduplicate-method-match -Wno-missing-braces -Wparentheses -Wswitch -Wunused-function -Wno-unused-label -Wno-unused-parameter -Wunused-variable -Wunused-value -Wempty-body -Wuninitialized -Wconditional-uninitialized -Wno-unknown-pragmas -Wno-shadow -Wno-four-char-constants -Wno-conversion -Wconstant-conversion -Wint-conversion -Wbool-conversion -Wenum-conversion -Wno-float-conversion -Wnon-literal-null-conversion -Wobjc-literal-conversion -Wshorten-64-to-32 -Wpointer-sign -Wno-newline-eof -Wno-selector -Wno-strict-selector-match -Wundeclared-selector -Wdeprecated-implementations -Wno-implicit-fallthrough -fstrict-aliasing -Wprotocol -Wdeprecated-declarations -Wno-sign-conversion -Winfinite-recursion -Wcomma -Wblock-capture-autoreleasing -Wstrict-prototypes -Wno-semicolon-before-method-body -Wunguarded-availability -index-store-path /Users/lzz/Documents/GitHub/AudioSampleBuffer/build/GlassDeviceDerivedData/Index.noindex/DataStore @/Users/lzz/Documents/GitHub/AudioSampleBuffer/build/GlassDeviceDerivedData/Build/Intermediates.noindex/AudioSampleBuffer.build/Debug-iphoneos/AudioSampleBuffer.build/Objects-normal/arm64/e6072d4f65d7061329687fe24e3d63a7-common-args.resp -MMD -MT dependencies -MF /Users/lzz/Documents/GitHub/AudioSampleBuffer/build/GlassDeviceDerivedData/Build/Intermediates.noindex/AudioSampleBuffer.build/Debug-iphoneos/AudioSampleBuffer.build/Objects-normal/arm64/VisualEffectManager.d --serialize-diagnostics /Users/lzz/Documents/GitHub/AudioSampleBuffer/build/GlassDeviceDerivedData/Build/Intermediates.noindex/AudioSampleBuffer.build/Debug-iphoneos/AudioSampleBuffer.build/Objects-normal/arm64/VisualEffectManager.dia -c /Users/lzz/Documents/GitHub/AudioSampleBuffer/AudioSampleBuffer/VisualEffects/Core/VisualEffectManager.m -o /Users/lzz/Documents/GitHub/AudioSampleBuffer/build/GlassDeviceDerivedData/Build/Intermediates.noindex/AudioSampleBuffer.build/Debug-iphoneos/AudioSampleBuffer.build/Objects-normal/arm64/VisualEffectManager.o -index-unit-output-path /AudioSampleBuffer.build/Debug-iphoneos/AudioSampleBuffer.build/Objects-normal/arm64/VisualEffectManager.o
/Users/lzz/Documents/GitHub/AudioSampleBuffer/AudioSampleBuffer/VisualEffects/Core/VisualEffectManager.m:162:55: warning: 'UIApplicationDidChangeStatusBarOrientationNotification' is deprecated: first deprecated in iOS 13.0 - Use viewWillTransitionToSize:withTransitionCoordinator: instead. [-Wdeprecated-declarations]
  162 |                                                  name:UIApplicationDidChangeStatusBarOrientationNotification
      |                                                       ^
In module 'UIKit' imported from /Users/lzz/Documents/GitHub/AudioSampleBuffer/AudioSampleBuffer/VisualEffects/Core/VisualEffectManager.h:9:
/Applications/Xcode.app/Contents/Developer/Platforms/iPhoneOS.platform/Developer/SDKs/iPhoneOS26.0.sdk/System/Library/Frameworks/UIKit.framework/Headers/UIApplication.h:560:39: note: 'UIApplicationDidChangeStatusBarOrientationNotification' has been explicitly marked deprecated here
  560 | UIKIT_EXTERN NSNotificationName const UIApplicationDidChangeStatusBarOrientationNotification API_DEPRECATED("Use viewWillTransitionToSize:withTransitionCoordinator: instead.", ios(2.0, 13.0)) API_UNAVAILABLE(tvos) API_UNAVAILABLE(visionos, watchos) NS_SWIFT_NONISOLATED;  // userInfo contains NSNumber with old orientation
      |                                       ^
/Users/lzz/Documents/GitHub/AudioSampleBuffer/AudioSampleBuffer/VisualEffects/Core/VisualEffectManager.m:1052:78: warning: 'keyWindow' is deprecated: first deprecated in iOS 13.0 - Should not be used for applications that support multiple scenes as it returns a key window across all connected scenes [-Wdeprecated-declarations]
 1052 |                 UIViewController *rootVC = [UIApplication sharedApplication].keyWindow.rootViewController;
      |                                                                              ^
In module 'UIKit' imported from /Users/lzz/Documents/GitHub/AudioSampleBuffer/AudioSampleBuffer/VisualEffects/Core/VisualEffectManager.h:9:
/Applications/Xcode.app/Contents/Developer/Platforms/iPhoneOS.platform/Developer/SDKs/iPhoneOS26.0.sdk/System/Library/Frameworks/UIKit.framework/Headers/UIApplication.h:108:51: note: 'keyWindow' has been explicitly marked deprecated here
  108 | @property(nullable, nonatomic,readonly) UIWindow *keyWindow API_DEPRECATED("Should not be used for applications that support multiple scenes as it returns a key window across all connected scenes", ios(2.0, 13.0)) API_UNAVAILABLE(visionos, watchos);
      |                                                   ^
2 warnings generated.

CompileC /Users/lzz/Documents/GitHub/AudioSampleBuffer/build/GlassDeviceDerivedData/Build/Intermediates.noindex/AudioSampleBuffer.build/Debug-iphoneos/AudioSampleBuffer.build/Objects-normal/arm64/ViewController+Visuals.o /Users/lzz/Documents/GitHub/AudioSampleBuffer/AudioSampleBuffer/ViewController+Visuals.m normal arm64 objective-c com.apple.compilers.llvm.clang.1_0.compiler (in target 'AudioSampleBuffer' from project 'AudioSampleBuffer')
    cd /Users/lzz/Documents/GitHub/AudioSampleBuffer
    
    Using response file: /Users/lzz/Documents/GitHub/AudioSampleBuffer/build/GlassDeviceDerivedData/Build/Intermediates.noindex/AudioSampleBuffer.build/Debug-iphoneos/AudioSampleBuffer.build/Objects-normal/arm64/e6072d4f65d7061329687fe24e3d63a7-common-args.resp
    
    /Applications/Xcode.app/Contents/Developer/Toolchains/XcodeDefault.xctoolchain/usr/bin/clang -x objective-c -ivfsstatcache /Users/lzz/Documents/GitHub/AudioSampleBuffer/build/GlassDeviceDerivedData/SDKStatCaches.noindex/iphoneos26.0-23A339-3885c01c3e6b6a337905948deab2002e81ce72e5b06c9602b9d30b56f2eed08a.sdkstatcache -fmessage-length\=0 -fdiagnostics-show-note-include-stack -fmacro-backtrace-limit\=0 -fno-color-diagnostics -fmodules-prune-interval\=86400 -fmodules-prune-after\=345600 -fbuild-session-file\=/Users/lzz/Documents/GitHub/AudioSampleBuffer/build/GlassDeviceDerivedData/ModuleCache.noindex/Session.modulevalidation -fmodules-validate-once-per-build-session -Wnon-modular-include-in-framework-module -Werror\=non-modular-include-in-framework-module -Wno-trigraphs -Wno-missing-field-initializers -Wno-missing-prototypes -Werror\=return-type -Wdocumentation -Wunreachable-code -Wquoted-include-in-framework-header -Wno-implicit-atomic-properties -Werror\=deprecated-objc-isa-usage -Wno-objc-interface-ivars -Werror\=objc-root-class -Wno-arc-repeated-use-of-weak -Wimplicit-retain-self -Wduplicate-method-match -Wno-missing-braces -Wparentheses -Wswitch -Wunused-function -Wno-unused-label -Wno-unused-parameter -Wunused-variable -Wunused-value -Wempty-body -Wuninitialized -Wconditional-uninitialized -Wno-unknown-pragmas -Wno-shadow -Wno-four-char-constants -Wno-conversion -Wconstant-conversion -Wint-conversion -Wbool-conversion -Wenum-conversion -Wno-float-conversion -Wnon-literal-null-conversion -Wobjc-literal-conversion -Wshorten-64-to-32 -Wpointer-sign -Wno-newline-eof -Wno-selector -Wno-strict-selector-match -Wundeclared-selector -Wdeprecated-implementations -Wno-implicit-fallthrough -fstrict-aliasing -Wprotocol -Wdeprecated-declarations -Wno-sign-conversion -Winfinite-recursion -Wcomma -Wblock-capture-autoreleasing -Wstrict-prototypes -Wno-semicolon-before-method-body -Wunguarded-availability -index-store-path /Users/lzz/Documents/GitHub/AudioSampleBuffer/build/GlassDeviceDerivedData/Index.noindex/DataStore @/Users/lzz/Documents/GitHub/AudioSampleBuffer/build/GlassDeviceDerivedData/Build/Intermediates.noindex/AudioSampleBuffer.build/Debug-iphoneos/AudioSampleBuffer.build/Objects-normal/arm64/e6072d4f65d7061329687fe24e3d63a7-common-args.resp -MMD -MT dependencies -MF /Users/lzz/Documents/GitHub/AudioSampleBuffer/build/GlassDeviceDerivedData/Build/Intermediates.noindex/AudioSampleBuffer.build/Debug-iphoneos/AudioSampleBuffer.build/Objects-normal/arm64/ViewController+Visuals.d --serialize-diagnostics /Users/lzz/Documents/GitHub/AudioSampleBuffer/build/GlassDeviceDerivedData/Build/Intermediates.noindex/AudioSampleBuffer.build/Debug-iphoneos/AudioSampleBuffer.build/Objects-normal/arm64/ViewController+Visuals.dia -c /Users/lzz/Documents/GitHub/AudioSampleBuffer/AudioSampleBuffer/ViewController+Visuals.m -o /Users/lzz/Documents/GitHub/AudioSampleBuffer/build/GlassDeviceDerivedData/Build/Intermediates.noindex/AudioSampleBuffer.build/Debug-iphoneos/AudioSampleBuffer.build/Objects-normal/arm64/ViewController+Visuals.o -index-unit-output-path /AudioSampleBuffer.build/Debug-iphoneos/AudioSampleBuffer.build/Objects-normal/arm64/ViewController+Visuals.o
In file included from /Users/lzz/Documents/GitHub/AudioSampleBuffer/AudioSampleBuffer/ViewController+Visuals.m:1:
In file included from /Users/lzz/Documents/GitHub/AudioSampleBuffer/AudioSampleBuffer/ViewController+Private.h:16:
/Users/lzz/Documents/GitHub/AudioSampleBuffer/AudioSampleBuffer/VisualEffects/Controls/PerformanceControlPanel.h:17:52: warning: type of property 'currentSettings' does not match type of accessor 'setCurrentSettings:'
   17 | @property (nonatomic, strong) NSMutableDictionary *currentSettings;  // 公开属性
      |                                                    ^
/Users/lzz/Documents/GitHub/AudioSampleBuffer/AudioSampleBuffer/VisualEffects/Controls/PerformanceControlPanel.h:21:1: note: declared here
   21 | - (void)setCurrentSettings:(NSDictionary *)settings;
      | ^
/Users/lzz/Documents/GitHub/AudioSampleBuffer/AudioSampleBuffer/ViewController+Visuals.m:1498:39: warning: null passed to a callee that requires a non-null argument [-Wnonnull]
 1498 |         self.spectrumStylePanelView = nil;
      |                                       ^~~
In module 'Foundation' imported from /Users/lzz/Documents/GitHub/AudioSampleBuffer/AudioSampleBuffer/Animations/AnimationCoordinator.h:7:
In module 'CoreFoundation' imported from /Applications/Xcode.app/Contents/Developer/Platforms/iPhoneOS.platform/Developer/SDKs/iPhoneOS.sdk/System/Library/Frameworks/Foundation.framework/Headers/Foundation.h:6:
In module 'Darwin' imported from /Applications/Xcode.app/Contents/Developer/Platforms/iPhoneOS.platform/Developer/SDKs/iPhoneOS26.0.sdk/System/Library/Frameworks/CoreFoundation.framework/Headers/CFBase.h:75:
/Applications/Xcode.app/Contents/Developer/Platforms/iPhoneOS.platform/Developer/SDKs/iPhoneOS.sdk/usr/include/MacTypes.h:96:19: note: expanded from macro 'nil'
   96 |       #define nil __DARWIN_NULL
      |                   ^~~~~~~~~~~~~
In module 'Foundation' imported from /Users/lzz/Documents/GitHub/AudioSampleBuffer/AudioSampleBuffer/Animations/AnimationCoordinator.h:7:
In module 'CoreFoundation' imported from /Applications/Xcode.app/Contents/Developer/Platforms/iPhoneOS.platform/Developer/SDKs/iPhoneOS.sdk/System/Library/Frameworks/Foundation.framework/Headers/Foundation.h:6:
In module '_DarwinFoundation2' imported from /Applications/Xcode.app/Contents/Developer/Platforms/iPhoneOS.platform/Developer/SDKs/iPhoneOS.sdk/System/Library/Frameworks/CoreFoundation.framework/Headers/CoreFoundation.h:18:
/Applications/Xcode.app/Contents/Developer/Platforms/iPhoneOS.platform/Developer/SDKs/iPhoneOS26.0.sdk/usr/include/sys/_types.h:52:23: note: expanded from macro '__DARWIN_NULL'
   52 | #define __DARWIN_NULL NULL
      |                       ^~~~
In module 'Foundation' imported from /Users/lzz/Documents/GitHub/AudioSampleBuffer/AudioSampleBuffer/Animations/AnimationCoordinator.h:7:
In module 'CoreFoundation' imported from /Applications/Xcode.app/Contents/Developer/Platforms/iPhoneOS.platform/Developer/SDKs/iPhoneOS.sdk/System/Library/Frameworks/Foundation.framework/Headers/Foundation.h:6:
In module '_DarwinFoundation2' imported from /Applications/Xcode.app/Contents/Developer/Platforms/iPhoneOS.platform/Developer/SDKs/iPhoneOS.sdk/System/Library/Frameworks/CoreFoundation.framework/Headers/CoreFoundation.h:18:
In module '_Builtin_stddef' imported from /Applications/Xcode.app/Contents/Developer/Toolchains/XcodeDefault.xctoolchain/usr/lib/clang/17/include/stddef.h:93:
/Applications/Xcode.app/Contents/Developer/Toolchains/XcodeDefault.xctoolchain/usr/lib/clang/17/include/__stddef_null.h:26:14: note: expanded from macro 'NULL'
   26 | #define NULL ((void*)0)
      |              ^~~~~~~~~~
/Users/lzz/Documents/GitHub/AudioSampleBuffer/AudioSampleBuffer/ViewController+Visuals.m:1499:38: warning: null passed to a callee that requires a non-null argument [-Wnonnull]
 1499 |         self.spectrumStyleCardView = nil;
      |                                      ^~~
In module 'Foundation' imported from /Users/lzz/Documents/GitHub/AudioSampleBuffer/AudioSampleBuffer/Animations/AnimationCoordinator.h:7:
In module 'CoreFoundation' imported from /Applications/Xcode.app/Contents/Developer/Platforms/iPhoneOS.platform/Developer/SDKs/iPhoneOS.sdk/System/Library/Frameworks/Foundation.framework/Headers/Foundation.h:6:
In module 'Darwin' imported from /Applications/Xcode.app/Contents/Developer/Platforms/iPhoneOS.platform/Developer/SDKs/iPhoneOS26.0.sdk/System/Library/Frameworks/CoreFoundation.framework/Headers/CFBase.h:75:
/Applications/Xcode.app/Contents/Developer/Platforms/iPhoneOS.platform/Developer/SDKs/iPhoneOS.sdk/usr/include/MacTypes.h:96:19: note: expanded from macro 'nil'
   96 |       #define nil __DARWIN_NULL
      |                   ^~~~~~~~~~~~~
In module 'Foundation' imported from /Users/lzz/Documents/GitHub/AudioSampleBuffer/AudioSampleBuffer/Animations/AnimationCoordinator.h:7:
In module 'CoreFoundation' imported from /Applications/Xcode.app/Contents/Developer/Platforms/iPhoneOS.platform/Developer/SDKs/iPhoneOS.sdk/System/Library/Frameworks/Foundation.framework/Headers/Foundation.h:6:
In module '_DarwinFoundation2' imported from /Applications/Xcode.app/Contents/Developer/Platforms/iPhoneOS.platform/Developer/SDKs/iPhoneOS.sdk/System/Library/Frameworks/CoreFoundation.framework/Headers/CoreFoundation.h:18:
/Applications/Xcode.app/Contents/Developer/Platforms/iPhoneOS.platform/Developer/SDKs/iPhoneOS26.0.sdk/usr/include/sys/_types.h:52:23: note: expanded from macro '__DARWIN_NULL'
   52 | #define __DARWIN_NULL NULL
      |                       ^~~~
In module 'Foundation' imported from /Users/lzz/Documents/GitHub/AudioSampleBuffer/AudioSampleBuffer/Animations/AnimationCoordinator.h:7:
In module 'CoreFoundation' imported from /Applications/Xcode.app/Contents/Developer/Platforms/iPhoneOS.platform/Developer/SDKs/iPhoneOS.sdk/System/Library/Frameworks/Foundation.framework/Headers/Foundation.h:6:
In module '_DarwinFoundation2' imported from /Applications/Xcode.app/Contents/Developer/Platforms/iPhoneOS.platform/Developer/SDKs/iPhoneOS.sdk/System/Library/Frameworks/CoreFoundation.framework/Headers/CoreFoundation.h:18:
In module '_Builtin_stddef' imported from /Applications/Xcode.app/Contents/Developer/Toolchains/XcodeDefault.xctoolchain/usr/lib/clang/17/include/stddef.h:93:
/Applications/Xcode.app/Contents/Developer/Toolchains/XcodeDefault.xctoolchain/usr/lib/clang/17/include/__stddef_null.h:26:14: note: expanded from macro 'NULL'
   26 | #define NULL ((void*)0)
      |              ^~~~~~~~~~
/Users/lzz/Documents/GitHub/AudioSampleBuffer/AudioSampleBuffer/ViewController+Visuals.m:1500:47: warning: null passed to a callee that requires a non-null argument [-Wnonnull]
 1500 |         self.spectrumLayoutSegmentedControl = nil;
      |                                               ^~~
In module 'Foundation' imported from /Users/lzz/Documents/GitHub/AudioSampleBuffer/AudioSampleBuffer/Animations/AnimationCoordinator.h:7:
In module 'CoreFoundation' imported from /Applications/Xcode.app/Contents/Developer/Platforms/iPhoneOS.platform/Developer/SDKs/iPhoneOS.sdk/System/Library/Frameworks/Foundation.framework/Headers/Foundation.h:6:
In module 'Darwin' imported from /Applications/Xcode.app/Contents/Developer/Platforms/iPhoneOS.platform/Developer/SDKs/iPhoneOS26.0.sdk/System/Library/Frameworks/CoreFoundation.framework/Headers/CFBase.h:75:
/Applications/Xcode.app/Contents/Developer/Platforms/iPhoneOS.platform/Developer/SDKs/iPhoneOS.sdk/usr/include/MacTypes.h:96:19: note: expanded from macro 'nil'
   96 |       #define nil __DARWIN_NULL
      |                   ^~~~~~~~~~~~~
In module 'Foundation' imported from /Users/lzz/Documents/GitHub/AudioSampleBuffer/AudioSampleBuffer/Animations/AnimationCoordinator.h:7:
In module 'CoreFoundation' imported from /Applications/Xcode.app/Contents/Developer/Platforms/iPhoneOS.platform/Developer/SDKs/iPhoneOS.sdk/System/Library/Frameworks/Foundation.framework/Headers/Foundation.h:6:
In module '_DarwinFoundation2' imported from /Applications/Xcode.app/Contents/Developer/Platforms/iPhoneOS.platform/Developer/SDKs/iPhoneOS.sdk/System/Library/Frameworks/CoreFoundation.framework/Headers/CoreFoundation.h:18:
/Applications/Xcode.app/Contents/Developer/Platforms/iPhoneOS.platform/Developer/SDKs/iPhoneOS26.0.sdk/usr/include/sys/_types.h:52:23: note: expanded from macro '__DARWIN_NULL'
   52 | #define __DARWIN_NULL NULL
      |                       ^~~~
In module 'Foundation' imported from /Users/lzz/Documents/GitHub/AudioSampleBuffer/AudioSampleBuffer/Animations/AnimationCoordinator.h:7:
In module 'CoreFoundation' imported from /Applications/Xcode.app/Contents/Developer/Platforms/iPhoneOS.platform/Developer/SDKs/iPhoneOS.sdk/System/Library/Frameworks/Foundation.framework/Headers/Foundation.h:6:
In module '_DarwinFoundation2' imported from /Applications/Xcode.app/Contents/Developer/Platforms/iPhoneOS.platform/Developer/SDKs/iPhoneOS.sdk/System/Library/Frameworks/CoreFoundation.framework/Headers/CoreFoundation.h:18:
In module '_Builtin_stddef' imported from /Applications/Xcode.app/Contents/Developer/Toolchains/XcodeDefault.xctoolchain/usr/lib/clang/17/include/stddef.h:93:
/Applications/Xcode.app/Contents/Developer/Toolchains/XcodeDefault.xctoolchain/usr/lib/clang/17/include/__stddef_null.h:26:14: note: expanded from macro 'NULL'
   26 | #define NULL ((void*)0)
      |              ^~~~~~~~~~
/Users/lzz/Documents/GitHub/AudioSampleBuffer/AudioSampleBuffer/ViewController+Visuals.m:1501:50: warning: null passed to a callee that requires a non-null argument [-Wnonnull]
 1501 |         self.spectrumColorModeSegmentedControl = nil;
      |                                                  ^~~
In module 'Foundation' imported from /Users/lzz/Documents/GitHub/AudioSampleBuffer/AudioSampleBuffer/Animations/AnimationCoordinator.h:7:
In module 'CoreFoundation' imported from /Applications/Xcode.app/Contents/Developer/Platforms/iPhoneOS.platform/Developer/SDKs/iPhoneOS.sdk/System/Library/Frameworks/Foundation.framework/Headers/Foundation.h:6:
In module 'Darwin' imported from /Applications/Xcode.app/Contents/Developer/Platforms/iPhoneOS.platform/Developer/SDKs/iPhoneOS26.0.sdk/System/Library/Frameworks/CoreFoundation.framework/Headers/CFBase.h:75:
/Applications/Xcode.app/Contents/Developer/Platforms/iPhoneOS.platform/Developer/SDKs/iPhoneOS.sdk/usr/include/MacTypes.h:96:19: note: expanded from macro 'nil'
   96 |       #define nil __DARWIN_NULL
      |                   ^~~~~~~~~~~~~
In module 'Foundation' imported from /Users/lzz/Documents/GitHub/AudioSampleBuffer/AudioSampleBuffer/Animations/AnimationCoordinator.h:7:
In module 'CoreFoundation' imported from /Applications/Xcode.app/Contents/Developer/Platforms/iPhoneOS.platform/Developer/SDKs/iPhoneOS.sdk/System/Library/Frameworks/Foundation.framework/Headers/Foundation.h:6:
In module '_DarwinFoundation2' imported from /Applications/Xcode.app/Contents/Developer/Platforms/iPhoneOS.platform/Developer/SDKs/iPhoneOS.sdk/System/Library/Frameworks/CoreFoundation.framework/Headers/CoreFoundation.h:18:
/Applications/Xcode.app/Contents/Developer/Platforms/iPhoneOS.platform/Developer/SDKs/iPhoneOS26.0.sdk/usr/include/sys/_types.h:52:23: note: expanded from macro '__DARWIN_NULL'
   52 | #define __DARWIN_NULL NULL
      |                       ^~~~
In module 'Foundation' imported from /Users/lzz/Documents/GitHub/AudioSampleBuffer/AudioSampleBuffer/Animations/AnimationCoordinator.h:7:
In module 'CoreFoundation' imported from /Applications/Xcode.app/Contents/Developer/Platforms/iPhoneOS.platform/Developer/SDKs/iPhoneOS.sdk/System/Library/Frameworks/Foundation.framework/Headers/Foundation.h:6:
In module '_DarwinFoundation2' imported from /Applications/Xcode.app/Contents/Developer/Platforms/iPhoneOS.platform/Developer/SDKs/iPhoneOS.sdk/System/Library/Frameworks/CoreFoundation.framework/Headers/CoreFoundation.h:18:
In module '_Builtin_stddef' imported from /Applications/Xcode.app/Contents/Developer/Toolchains/XcodeDefault.xctoolchain/usr/lib/clang/17/include/stddef.h:93:
/Applications/Xcode.app/Contents/Developer/Toolchains/XcodeDefault.xctoolchain/usr/lib/clang/17/include/__stddef_null.h:26:14: note: expanded from macro 'NULL'
   26 | #define NULL ((void*)0)
      |              ^~~~~~~~~~
/Users/lzz/Documents/GitHub/AudioSampleBuffer/AudioSampleBuffer/ViewController+Visuals.m:1502:40: warning: null passed to a callee that requires a non-null argument [-Wnonnull]
 1502 |         self.spectrumAutoColorSwitch = nil;
      |                                        ^~~
In module 'Foundation' imported from /Users/lzz/Documents/GitHub/AudioSampleBuffer/AudioSampleBuffer/Animations/AnimationCoordinator.h:7:
In module 'CoreFoundation' imported from /Applications/Xcode.app/Contents/Developer/Platforms/iPhoneOS.platform/Developer/SDKs/iPhoneOS.sdk/System/Library/Frameworks/Foundation.framework/Headers/Foundation.h:6:
In module 'Darwin' imported from /Applications/Xcode.app/Contents/Developer/Platforms/iPhoneOS.platform/Developer/SDKs/iPhoneOS26.0.sdk/System/Library/Frameworks/CoreFoundation.framework/Headers/CFBase.h:75:
/Applications/Xcode.app/Contents/Developer/Platforms/iPhoneOS.platform/Developer/SDKs/iPhoneOS.sdk/usr/include/MacTypes.h:96:19: note: expanded from macro 'nil'
   96 |       #define nil __DARWIN_NULL
      |                   ^~~~~~~~~~~~~
In module 'Foundation' imported from /Users/lzz/Documents/GitHub/AudioSampleBuffer/AudioSampleBuffer/Animations/AnimationCoordinator.h:7:
In module 'CoreFoundation' imported from /Applications/Xcode.app/Contents/Developer/Platforms/iPhoneOS.platform/Developer/SDKs/iPhoneOS.sdk/System/Library/Frameworks/Foundation.framework/Headers/Foundation.h:6:
In module '_DarwinFoundation2' imported from /Applications/Xcode.app/Contents/Developer/Platforms/iPhoneOS.platform/Developer/SDKs/iPhoneOS.sdk/System/Library/Frameworks/CoreFoundation.framework/Headers/CoreFoundation.h:18:
/Applications/Xcode.app/Contents/Developer/Platforms/iPhoneOS.platform/Developer/SDKs/iPhoneOS26.0.sdk/usr/include/sys/_types.h:52:23: note: expanded from macro '__DARWIN_NULL'
   52 | #define __DARWIN_NULL NULL
      |                       ^~~~
In module 'Foundation' imported from /Users/lzz/Documents/GitHub/AudioSampleBuffer/AudioSampleBuffer/Animations/AnimationCoordinator.h:7:
In module 'CoreFoundation' imported from /Applications/Xcode.app/Contents/Developer/Platforms/iPhoneOS.platform/Developer/SDKs/iPhoneOS.sdk/System/Library/Frameworks/Foundation.framework/Headers/Foundation.h:6:
In module '_DarwinFoundation2' imported from /Applications/Xcode.app/Contents/Developer/Platforms/iPhoneOS.platform/Developer/SDKs/iPhoneOS.sdk/System/Library/Frameworks/CoreFoundation.framework/Headers/CoreFoundation.h:18:
In module '_Builtin_stddef' imported from /Applications/Xcode.app/Contents/Developer/Toolchains/XcodeDefault.xctoolchain/usr/lib/clang/17/include/stddef.h:93:
/Applications/Xcode.app/Contents/Developer/Toolchains/XcodeDefault.xctoolchain/usr/lib/clang/17/include/__stddef_null.h:26:14: note: expanded from macro 'NULL'
   26 | #define NULL ((void*)0)
      |              ^~~~~~~~~~
/Users/lzz/Documents/GitHub/AudioSampleBuffer/AudioSampleBuffer/ViewController+Visuals.m:1503:40: warning: null passed to a callee that requires a non-null argument [-Wnonnull]
 1503 |         self.spectrumStyleScrollView = nil;
      |                                        ^~~
In module 'Foundation' imported from /Users/lzz/Documents/GitHub/AudioSampleBuffer/AudioSampleBuffer/Animations/AnimationCoordinator.h:7:
In module 'CoreFoundation' imported from /Applications/Xcode.app/Contents/Developer/Platforms/iPhoneOS.platform/Developer/SDKs/iPhoneOS.sdk/System/Library/Frameworks/Foundation.framework/Headers/Foundation.h:6:
In module 'Darwin' imported from /Applications/Xcode.app/Contents/Developer/Platforms/iPhoneOS.platform/Developer/SDKs/iPhoneOS26.0.sdk/System/Library/Frameworks/CoreFoundation.framework/Headers/CFBase.h:75:
/Applications/Xcode.app/Contents/Developer/Platforms/iPhoneOS.platform/Developer/SDKs/iPhoneOS.sdk/usr/include/MacTypes.h:96:19: note: expanded from macro 'nil'
   96 |       #define nil __DARWIN_NULL
      |                   ^~~~~~~~~~~~~
In module 'Foundation' imported from /Users/lzz/Documents/GitHub/AudioSampleBuffer/AudioSampleBuffer/Animations/AnimationCoordinator.h:7:
In module 'CoreFoundation' imported from /Applications/Xcode.app/Contents/Developer/Platforms/iPhoneOS.platform/Developer/SDKs/iPhoneOS.sdk/System/Library/Frameworks/Foundation.framework/Headers/Foundation.h:6:
In module '_DarwinFoundation2' imported from /Applications/Xcode.app/Contents/Developer/Platforms/iPhoneOS.platform/Developer/SDKs/iPhoneOS.sdk/System/Library/Frameworks/CoreFoundation.framework/Headers/CoreFoundation.h:18:
/Applications/Xcode.app/Contents/Developer/Platforms/iPhoneOS.platform/Developer/SDKs/iPhoneOS26.0.sdk/usr/include/sys/_types.h:52:23: note: expanded from macro '__DARWIN_NULL'
   52 | #define __DARWIN_NULL NULL
      |                       ^~~~
In module 'Foundation' imported from /Users/lzz/Documents/GitHub/AudioSampleBuffer/AudioSampleBuffer/Animations/AnimationCoordinator.h:7:
In module 'CoreFoundation' imported from /Applications/Xcode.app/Contents/Developer/Platforms/iPhoneOS.platform/Developer/SDKs/iPhoneOS.sdk/System/Library/Frameworks/Foundation.framework/Headers/Foundation.h:6:
In module '_DarwinFoundation2' imported from /Applications/Xcode.app/Contents/Developer/Platforms/iPhoneOS.platform/Developer/SDKs/iPhoneOS.sdk/System/Library/Frameworks/CoreFoundation.framework/Headers/CoreFoundation.h:18:
In module '_Builtin_stddef' imported from /Applications/Xcode.app/Contents/Developer/Toolchains/XcodeDefault.xctoolchain/usr/lib/clang/17/include/stddef.h:93:
/Applications/Xcode.app/Contents/Developer/Toolchains/XcodeDefault.xctoolchain/usr/lib/clang/17/include/__stddef_null.h:26:14: note: expanded from macro 'NULL'
   26 | #define NULL ((void*)0)
      |              ^~~~~~~~~~
/Users/lzz/Documents/GitHub/AudioSampleBuffer/AudioSampleBuffer/ViewController+Visuals.m:1504:34: warning: null passed to a callee that requires a non-null argument [-Wnonnull]
 1504 |         self.spectrumHueSlider = nil;
      |                                  ^~~
In module 'Foundation' imported from /Users/lzz/Documents/GitHub/AudioSampleBuffer/AudioSampleBuffer/Animations/AnimationCoordinator.h:7:
In module 'CoreFoundation' imported from /Applications/Xcode.app/Contents/Developer/Platforms/iPhoneOS.platform/Developer/SDKs/iPhoneOS.sdk/System/Library/Frameworks/Foundation.framework/Headers/Foundation.h:6:
In module 'Darwin' imported from /Applications/Xcode.app/Contents/Developer/Platforms/iPhoneOS.platform/Developer/SDKs/iPhoneOS26.0.sdk/System/Library/Frameworks/CoreFoundation.framework/Headers/CFBase.h:75:
/Applications/Xcode.app/Contents/Developer/Platforms/iPhoneOS.platform/Developer/SDKs/iPhoneOS.sdk/usr/include/MacTypes.h:96:19: note: expanded from macro 'nil'
   96 |       #define nil __DARWIN_NULL
      |                   ^~~~~~~~~~~~~
In module 'Foundation' imported from /Users/lzz/Documents/GitHub/AudioSampleBuffer/AudioSampleBuffer/Animations/AnimationCoordinator.h:7:
In module 'CoreFoundation' imported from /Applications/Xcode.app/Contents/Developer/Platforms/iPhoneOS.platform/Developer/SDKs/iPhoneOS.sdk/System/Library/Frameworks/Foundation.framework/Headers/Foundation.h:6:
In module '_DarwinFoundation2' imported from /Applications/Xcode.app/Contents/Developer/Platforms/iPhoneOS.platform/Developer/SDKs/iPhoneOS.sdk/System/Library/Frameworks/CoreFoundation.framework/Headers/CoreFoundation.h:18:
/Applications/Xcode.app/Contents/Developer/Platforms/iPhoneOS.platform/Developer/SDKs/iPhoneOS26.0.sdk/usr/include/sys/_types.h:52:23: note: expanded from macro '__DARWIN_NULL'
   52 | #define __DARWIN_NULL NULL
      |                       ^~~~
In module 'Foundation' imported from /Users/lzz/Documents/GitHub/AudioSampleBuffer/AudioSampleBuffer/Animations/AnimationCoordinator.h:7:
In module 'CoreFoundation' imported from /Applications/Xcode.app/Contents/Developer/Platforms/iPhoneOS.platform/Developer/SDKs/iPhoneOS.sdk/System/Library/Frameworks/Foundation.framework/Headers/Foundation.h:6:
In module '_DarwinFoundation2' imported from /Applications/Xcode.app/Contents/Developer/Platforms/iPhoneOS.platform/Developer/SDKs/iPhoneOS.sdk/System/Library/Frameworks/CoreFoundation.framework/Headers/CoreFoundation.h:18:
In module '_Builtin_stddef' imported from /Applications/Xcode.app/Contents/Developer/Toolchains/XcodeDefault.xctoolchain/usr/lib/clang/17/include/stddef.h:93:
/Applications/Xcode.app/Contents/Developer/Toolchains/XcodeDefault.xctoolchain/usr/lib/clang/17/include/__stddef_null.h:26:14: note: expanded from macro 'NULL'
   26 | #define NULL ((void*)0)
      |              ^~~~~~~~~~
/Users/lzz/Documents/GitHub/AudioSampleBuffer/AudioSampleBuffer/ViewController+Visuals.m:1505:41: warning: null passed to a callee that requires a non-null argument [-Wnonnull]
 1505 |         self.spectrumBrightnessSlider = nil;
      |                                         ^~~
In module 'Foundation' imported from /Users/lzz/Documents/GitHub/AudioSampleBuffer/AudioSampleBuffer/Animations/AnimationCoordinator.h:7:
In module 'CoreFoundation' imported from /Applications/Xcode.app/Contents/Developer/Platforms/iPhoneOS.platform/Developer/SDKs/iPhoneOS.sdk/System/Library/Frameworks/Foundation.framework/Headers/Foundation.h:6:
In module 'Darwin' imported from /Applications/Xcode.app/Contents/Developer/Platforms/iPhoneOS.platform/Developer/SDKs/iPhoneOS26.0.sdk/System/Library/Frameworks/CoreFoundation.framework/Headers/CFBase.h:75:
/Applications/Xcode.app/Contents/Developer/Platforms/iPhoneOS.platform/Developer/SDKs/iPhoneOS.sdk/usr/include/MacTypes.h:96:19: note: expanded from macro 'nil'
   96 |       #define nil __DARWIN_NULL
      |                   ^~~~~~~~~~~~~
In module 'Foundation' imported from /Users/lzz/Documents/GitHub/AudioSampleBuffer/AudioSampleBuffer/Animations/AnimationCoordinator.h:7:
In module 'CoreFoundation' imported from /Applications/Xcode.app/Contents/Developer/Platforms/iPhoneOS.platform/Developer/SDKs/iPhoneOS.sdk/System/Library/Frameworks/Foundation.framework/Headers/Foundation.h:6:
In module '_DarwinFoundation2' imported from /Applications/Xcode.app/Contents/Developer/Platforms/iPhoneOS.platform/Developer/SDKs/iPhoneOS.sdk/System/Library/Frameworks/CoreFoundation.framework/Headers/CoreFoundation.h:18:
/Applications/Xcode.app/Contents/Developer/Platforms/iPhoneOS.platform/Developer/SDKs/iPhoneOS26.0.sdk/usr/include/sys/_types.h:52:23: note: expanded from macro '__DARWIN_NULL'
   52 | #define __DARWIN_NULL NULL
      |                       ^~~~
In module 'Foundation' imported from /Users/lzz/Documents/GitHub/AudioSampleBuffer/AudioSampleBuffer/Animations/AnimationCoordinator.h:7:
In module 'CoreFoundation' imported from /Applications/Xcode.app/Contents/Developer/Platforms/iPhoneOS.platform/Developer/SDKs/iPhoneOS.sdk/System/Library/Frameworks/Foundation.framework/Headers/Foundation.h:6:
In module '_DarwinFoundation2' imported from /Applications/Xcode.app/Contents/Developer/Platforms/iPhoneOS.platform/Developer/SDKs/iPhoneOS.sdk/System/Library/Frameworks/CoreFoundation.framework/Headers/CoreFoundation.h:18:
In module '_Builtin_stddef' imported from /Applications/Xcode.app/Contents/Developer/Toolchains/XcodeDefault.xctoolchain/usr/lib/clang/17/include/stddef.h:93:
/Applications/Xcode.app/Contents/Developer/Toolchains/XcodeDefault.xctoolchain/usr/lib/clang/17/include/__stddef_null.h:26:14: note: expanded from macro 'NULL'
   26 | #define NULL ((void*)0)
      |              ^~~~~~~~~~
/Users/lzz/Documents/GitHub/AudioSampleBuffer/AudioSampleBuffer/ViewController+Visuals.m:1506:38: warning: null passed to a callee that requires a non-null argument [-Wnonnull]
 1506 |         self.spectrumOpacitySlider = nil;
      |                                      ^~~
In module 'Foundation' imported from /Users/lzz/Documents/GitHub/AudioSampleBuffer/AudioSampleBuffer/Animations/AnimationCoordinator.h:7:
In module 'CoreFoundation' imported from /Applications/Xcode.app/Contents/Developer/Platforms/iPhoneOS.platform/Developer/SDKs/iPhoneOS.sdk/System/Library/Frameworks/Foundation.framework/Headers/Foundation.h:6:
In module 'Darwin' imported from /Applications/Xcode.app/Contents/Developer/Platforms/iPhoneOS.platform/Developer/SDKs/iPhoneOS26.0.sdk/System/Library/Frameworks/CoreFoundation.framework/Headers/CFBase.h:75:
/Applications/Xcode.app/Contents/Developer/Platforms/iPhoneOS.platform/Developer/SDKs/iPhoneOS.sdk/usr/include/MacTypes.h:96:19: note: expanded from macro 'nil'
   96 |       #define nil __DARWIN_NULL
      |                   ^~~~~~~~~~~~~
In module 'Foundation' imported from /Users/lzz/Documents/GitHub/AudioSampleBuffer/AudioSampleBuffer/Animations/AnimationCoordinator.h:7:
In module 'CoreFoundation' imported from /Applications/Xcode.app/Contents/Developer/Platforms/iPhoneOS.platform/Developer/SDKs/iPhoneOS.sdk/System/Library/Frameworks/Foundation.framework/Headers/Foundation.h:6:
In module '_DarwinFoundation2' imported from /Applications/Xcode.app/Contents/Developer/Platforms/iPhoneOS.platform/Developer/SDKs/iPhoneOS.sdk/System/Library/Frameworks/CoreFoundation.framework/Headers/CoreFoundation.h:18:
/Applications/Xcode.app/Contents/Developer/Platforms/iPhoneOS.platform/Developer/SDKs/iPhoneOS26.0.sdk/usr/include/sys/_types.h:52:23: note: expanded from macro '__DARWIN_NULL'
   52 | #define __DARWIN_NULL NULL
      |                       ^~~~
In module 'Foundation' imported from /Users/lzz/Documents/GitHub/AudioSampleBuffer/AudioSampleBuffer/Animations/AnimationCoordinator.h:7:
In module 'CoreFoundation' imported from /Applications/Xcode.app/Contents/Developer/Platforms/iPhoneOS.platform/Developer/SDKs/iPhoneOS.sdk/System/Library/Frameworks/Foundation.framework/Headers/Foundation.h:6:
In module '_DarwinFoundation2' imported from /Applications/Xcode.app/Contents/Developer/Platforms/iPhoneOS.platform/Developer/SDKs/iPhoneOS.sdk/System/Library/Frameworks/CoreFoundation.framework/Headers/CoreFoundation.h:18:
In module '_Builtin_stddef' imported from /Applications/Xcode.app/Contents/Developer/Toolchains/XcodeDefault.xctoolchain/usr/lib/clang/17/include/stddef.h:93:
/Applications/Xcode.app/Contents/Developer/Toolchains/XcodeDefault.xctoolchain/usr/lib/clang/17/include/__stddef_null.h:26:14: note: expanded from macro 'NULL'
   26 | #define NULL ((void*)0)
      |              ^~~~~~~~~~
/Users/lzz/Documents/GitHub/AudioSampleBuffer/AudioSampleBuffer/ViewController+Visuals.m:1507:40: warning: null passed to a callee that requires a non-null argument [-Wnonnull]
 1507 |         self.spectrumPositionXSlider = nil;
      |                                        ^~~
In module 'Foundation' imported from /Users/lzz/Documents/GitHub/AudioSampleBuffer/AudioSampleBuffer/Animations/AnimationCoordinator.h:7:
In module 'CoreFoundation' imported from /Applications/Xcode.app/Contents/Developer/Platforms/iPhoneOS.platform/Developer/SDKs/iPhoneOS.sdk/System/Library/Frameworks/Foundation.framework/Headers/Foundation.h:6:
In module 'Darwin' imported from /Applications/Xcode.app/Contents/Developer/Platforms/iPhoneOS.platform/Developer/SDKs/iPhoneOS26.0.sdk/System/Library/Frameworks/CoreFoundation.framework/Headers/CFBase.h:75:
/Applications/Xcode.app/Contents/Developer/Platforms/iPhoneOS.platform/Developer/SDKs/iPhoneOS.sdk/usr/include/MacTypes.h:96:19: note: expanded from macro 'nil'
   96 |       #define nil __DARWIN_NULL
      |                   ^~~~~~~~~~~~~
In module 'Foundation' imported from /Users/lzz/Documents/GitHub/AudioSampleBuffer/AudioSampleBuffer/Animations/AnimationCoordinator.h:7:
In module 'CoreFoundation' imported from /Applications/Xcode.app/Contents/Developer/Platforms/iPhoneOS.platform/Developer/SDKs/iPhoneOS.sdk/System/Library/Frameworks/Foundation.framework/Headers/Foundation.h:6:
In module '_DarwinFoundation2' imported from /Applications/Xcode.app/Contents/Developer/Platforms/iPhoneOS.platform/Developer/SDKs/iPhoneOS.sdk/System/Library/Frameworks/CoreFoundation.framework/Headers/CoreFoundation.h:18:
/Applications/Xcode.app/Contents/Developer/Platforms/iPhoneOS.platform/Developer/SDKs/iPhoneOS26.0.sdk/usr/include/sys/_types.h:52:23: note: expanded from macro '__DARWIN_NULL'
   52 | #define __DARWIN_NULL NULL
      |                       ^~~~
In module 'Foundation' imported from /Users/lzz/Documents/GitHub/AudioSampleBuffer/AudioSampleBuffer/Animations/AnimationCoordinator.h:7:
In module 'CoreFoundation' imported from /Applications/Xcode.app/Contents/Developer/Platforms/iPhoneOS.platform/Developer/SDKs/iPhoneOS.sdk/System/Library/Frameworks/Foundation.framework/Headers/Foundation.h:6:
In module '_DarwinFoundation2' imported from /Applications/Xcode.app/Contents/Developer/Platforms/iPhoneOS.platform/Developer/SDKs/iPhoneOS.sdk/System/Library/Frameworks/CoreFoundation.framework/Headers/CoreFoundation.h:18:
In module '_Builtin_stddef' imported from /Applications/Xcode.app/Contents/Developer/Toolchains/XcodeDefault.xctoolchain/usr/lib/clang/17/include/stddef.h:93:
/Applications/Xcode.app/Contents/Developer/Toolchains/XcodeDefault.xctoolchain/usr/lib/clang/17/include/__stddef_null.h:26:14: note: expanded from macro 'NULL'
   26 | #define NULL ((void*)0)
      |              ^~~~~~~~~~
/Users/lzz/Documents/GitHub/AudioSampleBuffer/AudioSampleBuffer/ViewController+Visuals.m:1508:40: warning: null passed to a callee that requires a non-null argument [-Wnonnull]
 1508 |         self.spectrumPositionYSlider = nil;
      |                                        ^~~
In module 'Foundation' imported from /Users/lzz/Documents/GitHub/AudioSampleBuffer/AudioSampleBuffer/Animations/AnimationCoordinator.h:7:
In module 'CoreFoundation' imported from /Applications/Xcode.app/Contents/Developer/Platforms/iPhoneOS.platform/Developer/SDKs/iPhoneOS.sdk/System/Library/Frameworks/Foundation.framework/Headers/Foundation.h:6:
In module 'Darwin' imported from /Applications/Xcode.app/Contents/Developer/Platforms/iPhoneOS.platform/Developer/SDKs/iPhoneOS26.0.sdk/System/Library/Frameworks/CoreFoundation.framework/Headers/CFBase.h:75:
/Applications/Xcode.app/Contents/Developer/Platforms/iPhoneOS.platform/Developer/SDKs/iPhoneOS.sdk/usr/include/MacTypes.h:96:19: note: expanded from macro 'nil'
   96 |       #define nil __DARWIN_NULL

      |                   ^~~~~~~~~~~~~
In module 'Foundation' imported from /Users/lzz/Documents/GitHub/AudioSampleBuffer/AudioSampleBuffer/Animations/AnimationCoordinator.h:7:
In module 'CoreFoundation' imported from /Applications/Xcode.app/Contents/Developer/Platforms/iPhoneOS.platform/Developer/SDKs/iPhoneOS.sdk/System/Library/Frameworks/Foundation.framework/Headers/Foundation.h:6:
In module '_DarwinFoundation2' imported from /Applications/Xcode.app/Contents/Developer/Platforms/iPhoneOS.platform/Developer/SDKs/iPhoneOS.sdk/System/Library/Frameworks/CoreFoundation.framework/Headers/CoreFoundation.h:18:
/Applications/Xcode.app/Contents/Developer/Platforms/iPhoneOS.platform/Developer/SDKs/iPhoneOS26.0.sdk/usr/include/sys/_types.h:52:23: note: expanded from macro '__DARWIN_NULL'
   52 | #define __DARWIN_NULL NULL
      |                       ^~~~
In module 'Foundation' imported from /Users/lzz/Documents/GitHub/AudioSampleBuffer/AudioSampleBuffer/Animations/AnimationCoordinator.h:7:
In module 'CoreFoundation' imported from /Applications/Xcode.app/Contents/Developer/Platforms/iPhoneOS.platform/Developer/SDKs/iPhoneOS.sdk/System/Library/Frameworks/Foundation.framework/Headers/Foundation.h:6:
In module '_DarwinFoundation2' imported from /Applications/Xcode.app/Contents/Developer/Platforms/iPhoneOS.platform/Developer/SDKs/iPhoneOS.sdk/System/Library/Frameworks/CoreFoundation.framework/Headers/CoreFoundation.h:18:
In module '_Builtin_stddef' imported from /Applications/Xcode.app/Contents/Developer/Toolchains/XcodeDefault.xctoolchain/usr/lib/clang/17/include/stddef.h:93:
/Applications/Xcode.app/Contents/Developer/Toolchains/XcodeDefault.xctoolchain/usr/lib/clang/17/include/__stddef_null.h:26:14: note: expanded from macro 'NULL'
   26 | #define NULL ((void*)0)
      |              ^~~~~~~~~~
/Users/lzz/Documents/GitHub/AudioSampleBuffer/AudioSampleBuffer/ViewController+Visuals.m:1509:36: warning: null passed to a callee that requires a non-null argument [-Wnonnull]
 1509 |         self.spectrumScaleSlider = nil;
      |                                    ^~~
In module 'Foundation' imported from /Users/lzz/Documents/GitHub/AudioSampleBuffer/AudioSampleBuffer/Animations/AnimationCoordinator.h:7:
In module 'CoreFoundation' imported from /Applications/Xcode.app/Contents/Developer/Platforms/iPhoneOS.platform/Developer/SDKs/iPhoneOS.sdk/System/Library/Frameworks/Foundation.framework/Headers/Foundation.h:6:
In module 'Darwin' imported from /Applications/Xcode.app/Contents/Developer/Platforms/iPhoneOS.platform/Developer/SDKs/iPhoneOS26.0.sdk/System/Library/Frameworks/CoreFoundation.framework/Headers/CFBase.h:75:
/Applications/Xcode.app/Contents/Developer/Platforms/iPhoneOS.platform/Developer/SDKs/iPhoneOS.sdk/usr/include/MacTypes.h:96:19: note: expanded from macro 'nil'
   96 |       #define nil __DARWIN_NULL
      |                   ^~~~~~~~~~~~~
In module 'Foundation' imported from /Users/lzz/Documents/GitHub/AudioSampleBuffer/AudioSampleBuffer/Animations/AnimationCoordinator.h:7:
In module 'CoreFoundation' imported from /Applications/Xcode.app/Contents/Developer/Platforms/iPhoneOS.platform/Developer/SDKs/iPhoneOS.sdk/System/Library/Frameworks/Foundation.framework/Headers/Foundation.h:6:
In module '_DarwinFoundation2' imported from /Applications/Xcode.app/Contents/Developer/Platforms/iPhoneOS.platform/Developer/SDKs/iPhoneOS.sdk/System/Library/Frameworks/CoreFoundation.framework/Headers/CoreFoundation.h:18:
/Applications/Xcode.app/Contents/Developer/Platforms/iPhoneOS.platform/Developer/SDKs/iPhoneOS26.0.sdk/usr/include/sys/_types.h:52:23: note: expanded from macro '__DARWIN_NULL'
   52 | #define __DARWIN_NULL NULL
      |                       ^~~~
In module 'Foundation' imported from /Users/lzz/Documents/GitHub/AudioSampleBuffer/AudioSampleBuffer/Animations/AnimationCoordinator.h:7:
In module 'CoreFoundation' imported from /Applications/Xcode.app/Contents/Developer/Platforms/iPhoneOS.platform/Developer/SDKs/iPhoneOS.sdk/System/Library/Frameworks/Foundation.framework/Headers/Foundation.h:6:
In module '_DarwinFoundation2' imported from /Applications/Xcode.app/Contents/Developer/Platforms/iPhoneOS.platform/Developer/SDKs/iPhoneOS.sdk/System/Library/Frameworks/CoreFoundation.framework/Headers/CoreFoundation.h:18:
In module '_Builtin_stddef' imported from /Applications/Xcode.app/Contents/Developer/Toolchains/XcodeDefault.xctoolchain/usr/lib/clang/17/include/stddef.h:93:
/Applications/Xcode.app/Contents/Developer/Toolchains/XcodeDefault.xctoolchain/usr/lib/clang/17/include/__stddef_null.h:26:14: note: expanded from macro 'NULL'
   26 | #define NULL ((void*)0)
      |              ^~~~~~~~~~
/Users/lzz/Documents/GitHub/AudioSampleBuffer/AudioSampleBuffer/ViewController+Visuals.m:1510:42: warning: null passed to a callee that requires a non-null argument [-Wnonnull]
 1510 |         self.spectrumPositionHintLabel = nil;
      |                                          ^~~
In module 'Foundation' imported from /Users/lzz/Documents/GitHub/AudioSampleBuffer/AudioSampleBuffer/Animations/AnimationCoordinator.h:7:
In module 'CoreFoundation' imported from /Applications/Xcode.app/Contents/Developer/Platforms/iPhoneOS.platform/Developer/SDKs/iPhoneOS.sdk/System/Library/Frameworks/Foundation.framework/Headers/Foundation.h:6:
In module 'Darwin' imported from /Applications/Xcode.app/Contents/Developer/Platforms/iPhoneOS.platform/Developer/SDKs/iPhoneOS26.0.sdk/System/Library/Frameworks/CoreFoundation.framework/Headers/CFBase.h:75:
/Applications/Xcode.app/Contents/Developer/Platforms/iPhoneOS.platform/Developer/SDKs/iPhoneOS.sdk/usr/include/MacTypes.h:96:19: note: expanded from macro 'nil'
   96 |       #define nil __DARWIN_NULL
      |                   ^~~~~~~~~~~~~
In module 'Foundation' imported from /Users/lzz/Documents/GitHub/AudioSampleBuffer/AudioSampleBuffer/Animations/AnimationCoordinator.h:7:
In module 'CoreFoundation' imported from /Applications/Xcode.app/Contents/Developer/Platforms/iPhoneOS.platform/Developer/SDKs/iPhoneOS.sdk/System/Library/Frameworks/Foundation.framework/Headers/Foundation.h:6:
In module '_DarwinFoundation2' imported from /Applications/Xcode.app/Contents/Developer/Platforms/iPhoneOS.platform/Developer/SDKs/iPhoneOS.sdk/System/Library/Frameworks/CoreFoundation.framework/Headers/CoreFoundation.h:18:
/Applications/Xcode.app/Contents/Developer/Platforms/iPhoneOS.platform/Developer/SDKs/iPhoneOS26.0.sdk/usr/include/sys/_types.h:52:23: note: expanded from macro '__DARWIN_NULL'
   52 | #define __DARWIN_NULL NULL
      |                       ^~~~
In module 'Foundation' imported from /Users/lzz/Documents/GitHub/AudioSampleBuffer/AudioSampleBuffer/Animations/AnimationCoordinator.h:7:
In module 'CoreFoundation' imported from /Applications/Xcode.app/Contents/Developer/Platforms/iPhoneOS.platform/Developer/SDKs/iPhoneOS.sdk/System/Library/Frameworks/Foundation.framework/Headers/Foundation.h:6:
In module '_DarwinFoundation2' imported from /Applications/Xcode.app/Contents/Developer/Platforms/iPhoneOS.platform/Developer/SDKs/iPhoneOS.sdk/System/Library/Frameworks/CoreFoundation.framework/Headers/CoreFoundation.h:18:
In module '_Builtin_stddef' imported from /Applications/Xcode.app/Contents/Developer/Toolchains/XcodeDefault.xctoolchain/usr/lib/clang/17/include/stddef.h:93:
/Applications/Xcode.app/Contents/Developer/Toolchains/XcodeDefault.xctoolchain/usr/lib/clang/17/include/__stddef_null.h:26:14: note: expanded from macro 'NULL'
   26 | #define NULL ((void*)0)
      |              ^~~~~~~~~~
/Users/lzz/Documents/GitHub/AudioSampleBuffer/AudioSampleBuffer/ViewController+Visuals.m:36:17: warning: method definition for 'updateAudioActivityMeterOverlayWithFeatures:' not found [-Wincomplete-implementation]
   36 | @implementation ViewController (Visuals)
      |                 ^
In file included from /Users/lzz/Documents/GitHub/AudioSampleBuffer/AudioSampleBuffer/ViewController+Visuals.m:1:
/Users/lzz/Documents/GitHub/AudioSampleBuffer/AudioSampleBuffer/ViewController+Private.h:287:1: note: method 'updateAudioActivityMeterOverlayWithFeatures:' declared here
  287 | - (void)updateAudioActivityMeterOverlayWithFeatures:(nullable AudioFeatures *)features;
      | ^
/Users/lzz/Documents/GitHub/AudioSampleBuffer/AudioSampleBuffer/ViewController+Visuals.m:36:17: warning: method definition for 'updateMusicFeatureScopeOverlayWithFeatures:' not found [-Wincomplete-implementation]
   36 | @implementation ViewController (Visuals)
      |                 ^
In file included from /Users/lzz/Documents/GitHub/AudioSampleBuffer/AudioSampleBuffer/ViewController+Visuals.m:1:
/Users/lzz/Documents/GitHub/AudioSampleBuffer/AudioSampleBuffer/ViewController+Private.h:288:1: note: method 'updateMusicFeatureScopeOverlayWithFeatures:' declared here
  288 | - (void)updateMusicFeatureScopeOverlayWithFeatures:(nullable AudioFeatures *)features;
      | ^
16 warnings generated.

Ld /Users/lzz/Documents/GitHub/AudioSampleBuffer/build/GlassDeviceDerivedData/Build/Products/Debug-iphoneos/AudioSampleBuffer.app/AudioSampleBuffer normal (in target 'AudioSampleBuffer' from project 'AudioSampleBuffer')
    cd /Users/lzz/Documents/GitHub/AudioSampleBuffer
    /Applications/Xcode.app/Contents/Developer/Toolchains/XcodeDefault.xctoolchain/usr/bin/clang++ -Xlinker -reproducible -target arm64-apple-ios15.6 -isysroot /Applications/Xcode.app/Contents/Developer/Platforms/iPhoneOS.platform/Developer/SDKs/iPhoneOS26.0.sdk -O0 -L/Users/lzz/Documents/GitHub/AudioSampleBuffer/build/GlassDeviceDerivedData/Build/Intermediates.noindex/EagerLinkingTBDs/Debug-iphoneos -L/Users/lzz/Documents/GitHub/AudioSampleBuffer/build/GlassDeviceDerivedData/Build/Products/Debug-iphoneos -F/Users/lzz/Documents/GitHub/AudioSampleBuffer/build/GlassDeviceDerivedData/Build/Intermediates.noindex/EagerLinkingTBDs/Debug-iphoneos -F/Users/lzz/Documents/GitHub/AudioSampleBuffer/build/GlassDeviceDerivedData/Build/Products/Debug-iphoneos -filelist /Users/lzz/Documents/GitHub/AudioSampleBuffer/build/GlassDeviceDerivedData/Build/Intermediates.noindex/AudioSampleBuffer.build/Debug-iphoneos/AudioSampleBuffer.build/Objects-normal/arm64/AudioSampleBuffer.LinkFileList -Xlinker -rpath -Xlinker @executable_path/Frameworks -dead_strip -Xlinker -object_path_lto -Xlinker /Users/lzz/Documents/GitHub/AudioSampleBuffer/build/GlassDeviceDerivedData/Build/Intermediates.noindex/AudioSampleBuffer.build/Debug-iphoneos/AudioSampleBuffer.build/Objects-normal/arm64/AudioSampleBuffer_lto.o -rdynamic -Xlinker -no_deduplicate -Xlinker -dependency_info -Xlinker /Users/lzz/Documents/GitHub/AudioSampleBuffer/build/GlassDeviceDerivedData/Build/Intermediates.noindex/AudioSampleBuffer.build/Debug-iphoneos/AudioSampleBuffer.build/Objects-normal/arm64/AudioSampleBuffer_dependency_info.dat -fobjc-arc -fobjc-link-runtime -framework AudioToolbox -o /Users/lzz/Documents/GitHub/AudioSampleBuffer/build/GlassDeviceDerivedData/Build/Products/Debug-iphoneos/AudioSampleBuffer.app/AudioSampleBuffer

CompileMetalFile /Users/lzz/Documents/GitHub/AudioSampleBuffer/AudioSampleBuffer/VisualEffects/Metal/GlassResonanceShader.metal (in target 'AudioSampleBuffer' from project 'AudioSampleBuffer')
    cd /Users/lzz/Documents/GitHub/AudioSampleBuffer
    /var/run/com.apple.security.cryptexd/mnt/com.apple.MobileAsset.MetalToolchain-v17.1.324.0.Z1DKNo/Metal.xctoolchain/usr/bin/metal -c -target air64-apple-ios15.6 -gline-tables-only -frecord-sources -I/Users/lzz/Documents/GitHub/AudioSampleBuffer/build/GlassDeviceDerivedData/Build/Products/Debug-iphoneos/include -F/Users/lzz/Documents/GitHub/AudioSampleBuffer/build/GlassDeviceDerivedData/Build/Products/Debug-iphoneos -isysroot /Applications/Xcode.app/Contents/Developer/Platforms/iPhoneOS.platform/Developer/SDKs/iPhoneOS26.0.sdk -fmetal-math-mode\=fast -fmetal-math-fp32-functions\=fast -serialize-diagnostics /Users/lzz/Documents/GitHub/AudioSampleBuffer/build/GlassDeviceDerivedData/Build/Intermediates.noindex/AudioSampleBuffer.build/Debug-iphoneos/AudioSampleBuffer.build/Metal/GlassResonanceShader.dia -o /Users/lzz/Documents/GitHub/AudioSampleBuffer/build/GlassDeviceDerivedData/Build/Intermediates.noindex/AudioSampleBuffer.build/Debug-iphoneos/AudioSampleBuffer.build/Metal/GlassResonanceShader.air -index-store-path /Users/lzz/Documents/GitHub/AudioSampleBuffer/build/GlassDeviceDerivedData/Index.noindex/DataStore -MMD -MT dependencies -MF /Users/lzz/Documents/GitHub/AudioSampleBuffer/build/GlassDeviceDerivedData/Build/Intermediates.noindex/AudioSampleBuffer.build/Debug-iphoneos/AudioSampleBuffer.build/Metal/GlassResonanceShader.dat /Users/lzz/Documents/GitHub/AudioSampleBuffer/AudioSampleBuffer/VisualEffects/Metal/GlassResonanceShader.metal

MetalLink /Users/lzz/Documents/GitHub/AudioSampleBuffer/build/GlassDeviceDerivedData/Build/Products/Debug-iphoneos/AudioSampleBuffer.app/default.metallib (in target 'AudioSampleBuffer' from project 'AudioSampleBuffer')
    cd /Users/lzz/Documents/GitHub/AudioSampleBuffer
    /var/run/com.apple.security.cryptexd/mnt/com.apple.MobileAsset.MetalToolchain-v17.1.324.0.Z1DKNo/Metal.xctoolchain/usr/bin/metal -target air64-apple-ios15.6 -frecord-sources -o /Users/lzz/Documents/GitHub/AudioSampleBuffer/build/GlassDeviceDerivedData/Build/Products/Debug-iphoneos/AudioSampleBuffer.app/default.metallib /Users/lzz/Documents/GitHub/AudioSampleBuffer/build/GlassDeviceDerivedData/Build/Intermediates.noindex/AudioSampleBuffer.build/Debug-iphoneos/AudioSampleBuffer.build/Metal/LuminousMistCoreShader.air /Users/lzz/Documents/GitHub/AudioSampleBuffer/build/GlassDeviceDerivedData/Build/Intermediates.noindex/AudioSampleBuffer.build/Debug-iphoneos/AudioSampleBuffer.build/Metal/AuroraRippleShader.air /Users/lzz/Documents/GitHub/AudioSampleBuffer/build/GlassDeviceDerivedData/Build/Intermediates.noindex/AudioSampleBuffer.build/Debug-iphoneos/AudioSampleBuffer.build/Metal/StarVortexShader.air /Users/lzz/Documents/GitHub/AudioSampleBuffer/build/GlassDeviceDerivedData/Build/Intermediates.noindex/AudioSampleBuffer.build/Debug-iphoneos/AudioSampleBuffer.build/Metal/NeonSpringLinesShader.air /Users/lzz/Documents/GitHub/AudioSampleBuffer/build/GlassDeviceDerivedData/Build/Intermediates.noindex/AudioSampleBuffer.build/Debug-iphoneos/AudioSampleBuffer.build/Metal/CherryBlossomShader.air /Users/lzz/Documents/GitHub/AudioSampleBuffer/build/GlassDeviceDerivedData/Build/Intermediates.noindex/AudioSampleBuffer.build/Debug-iphoneos/AudioSampleBuffer.build/Metal/TyndallBeamShader.air /Users/lzz/Documents/GitHub/AudioSampleBuffer/build/GlassDeviceDerivedData/Build/Intermediates.noindex/AudioSampleBuffer.build/Debug-iphoneos/AudioSampleBuffer.build/Metal/NeuralResonanceShader.air /Users/lzz/Documents/GitHub/AudioSampleBuffer/build/GlassDeviceDerivedData/Build/Intermediates.noindex/AudioSampleBuffer.build/Debug-iphoneos/AudioSampleBuffer.build/Metal/GlassResonanceShader.air /Users/lzz/Documents/GitHub/AudioSampleBuffer/build/GlassDeviceDerivedData/Build/Intermediates.noindex/AudioSampleBuffer.build/Debug-iphoneos/AudioSampleBuffer.build/Metal/CellularWormholeShader.air /Users/lzz/Documents/GitHub/AudioSampleBuffer/build/GlassDeviceDerivedData/Build/Intermediates.noindex/AudioSampleBuffer.build/Debug-iphoneos/AudioSampleBuffer.build/Metal/WormholeDriveShader.air /Users/lzz/Documents/GitHub/AudioSampleBuffer/build/GlassDeviceDerivedData/Build/Intermediates.noindex/AudioSampleBuffer.build/Debug-iphoneos/AudioSampleBuffer.build/Metal/PrismResonanceShader.air /Users/lzz/Documents/GitHub/AudioSampleBuffer/build/GlassDeviceDerivedData/Build/Intermediates.noindex/AudioSampleBuffer.build/Debug-iphoneos/AudioSampleBuffer.build/Metal/VisualLyricsTunnelShader.air /Users/lzz/Documents/GitHub/AudioSampleBuffer/build/GlassDeviceDerivedData/Build/Intermediates.noindex/AudioSampleBuffer.build/Debug-iphoneos/AudioSampleBuffer.build/Metal/AudioActivityMeterShader.air /Users/lzz/Documents/GitHub/AudioSampleBuffer/build/GlassDeviceDerivedData/Build/Intermediates.noindex/AudioSampleBuffer.build/Debug-iphoneos/AudioSampleBuffer.build/Metal/MusicFeatureScopeShader.air /Users/lzz/Documents/GitHub/AudioSampleBuffer/build/GlassDeviceDerivedData/Build/Intermediates.noindex/AudioSampleBuffer.build/Debug-iphoneos/AudioSampleBuffer.build/Metal/ChromaticCausticsShader.air /Users/lzz/Documents/GitHub/AudioSampleBuffer/build/GlassDeviceDerivedData/Build/Intermediates.noindex/AudioSampleBuffer.build/Debug-iphoneos/AudioSampleBuffer.build/Metal/SpectrumReduce.air /Users/lzz/Documents/GitHub/AudioSampleBuffer/build/GlassDeviceDerivedData/Build/Intermediates.noindex/AudioSampleBuffer.build/Debug-iphoneos/AudioSampleBuffer.build/Metal/ShaderCommon.air /Users/lzz/Documents/GitHub/AudioSampleBuffer/build/GlassDeviceDerivedData/Build/Intermediates.noindex/AudioSampleBuffer.build/Debug-iphoneos/AudioSampleBuffer.build/Metal/CommonVertexShader.air /Users/lzz/Documents/GitHub/AudioSampleBuffer/build/GlassDeviceDerivedData/Build/Intermediates.noindex/AudioSampleBuffer.build/Debug-iphoneos/AudioSampleBuffer.build/Metal/NeonShader.air /Users/lzz/Documents/GitHub/AudioSampleBuffer/build/GlassDeviceDerivedData/Build/Intermediates.noindex/AudioSampleBuffer.build/Debug-iphoneos/AudioSampleBuffer.build/Metal/Waveform3DShader.air /Users/lzz/Documents/GitHub/AudioSampleBuffer/build/GlassDeviceDerivedData/Build/Intermediates.noindex/AudioSampleBuffer.build/Debug-iphoneos/AudioSampleBuffer.build/Metal/FluidShader.air /Users/lzz/Documents/GitHub/AudioSampleBuffer/build/GlassDeviceDerivedData/Build/Intermediates.noindex/AudioSampleBuffer.build/Debug-iphoneos/AudioSampleBuffer.build/Metal/QuantumShader.air /Users/lzz/Documents/GitHub/AudioSampleBuffer/build/GlassDeviceDerivedData/Build/Intermediates.noindex/AudioSampleBuffer.build/Debug-iphoneos/AudioSampleBuffer.build/Metal/HolographicShader.air /Users/lzz/Documents/GitHub/AudioSampleBuffer/build/GlassDeviceDerivedData/Build/Intermediates.noindex/AudioSampleBuffer.build/Debug-iphoneos/AudioSampleBuffer.build/Metal/CyberpunkShader.air /Users/lzz/Documents/GitHub/AudioSampleBuffer/build/GlassDeviceDerivedData/Build/Intermediates.noindex/AudioSampleBuffer.build/Debug-iphoneos/AudioSampleBuffer.build/Metal/GalaxyShader.air /Users/lzz/Documents/GitHub/AudioSampleBuffer/build/GlassDeviceDerivedData/Build/Intermediates.noindex/AudioSampleBuffer.build/Debug-iphoneos/AudioSampleBuffer.build/Metal/LightningShader.air /Users/lzz/Documents/GitHub/AudioSampleBuffer/build/GlassDeviceDerivedData/Build/Intermediates.noindex/AudioSampleBuffer.build/Debug-iphoneos/AudioSampleBuffer.build/Metal/MotionPhotoFlowShader.air /Users/lzz/Documents/GitHub/AudioSampleBuffer/build/GlassDeviceDerivedData/Build/Intermediates.noindex/AudioSampleBuffer.build/Debug-iphoneos/AudioSampleBuffer.build/Metal/RhythmFeatureEffects.air /Users/lzz/Documents/GitHub/AudioSampleBuffer/build/GlassDeviceDerivedData/Build/Intermediates.noindex/AudioSampleBuffer.build/Debug-iphoneos/AudioSampleBuffer.build/Metal/RhythmTransformEffects.air /Users/lzz/Documents/GitHub/AudioSampleBuffer/build/GlassDeviceDerivedData/Build/Intermediates.noindex/AudioSampleBuffer.build/Debug-iphoneos/AudioSampleBuffer.build/Metal/AudioReactive3DShader.air /Users/lzz/Documents/GitHub/AudioSampleBuffer/build/GlassDeviceDerivedData/Build/Intermediates.noindex/AudioSampleBuffer.build/Debug-iphoneos/AudioSampleBuffer.build/Metal/GeometricMorphShader.air /Users/lzz/Documents/GitHub/AudioSampleBuffer/build/GlassDeviceDerivedData/Build/Intermediates.noindex/AudioSampleBuffer.build/Debug-iphoneos/AudioSampleBuffer.build/Metal/CircularWaveShader.air /Users/lzz/Documents/GitHub/AudioSampleBuffer/build/GlassDeviceDerivedData/Build/Intermediates.noindex/AudioSampleBuffer.build/Debug-iphoneos/AudioSampleBuffer.build/Metal/FractalPatternShader.air /Users/lzz/Documents/GitHub/AudioSampleBuffer/build/GlassDeviceDerivedData/Build/Intermediates.noindex/AudioSampleBuffer.build/Debug-iphoneos/AudioSampleBuffer.build/Metal/LiquidMetalShader.air /Users/lzz/Documents/GitHub/AudioSampleBuffer/build/GlassDeviceDerivedData/Build/Intermediates.noindex/AudioSampleBuffer.build/Debug-iphoneos/AudioSampleBuffer.build/Metal/ParticleFlowShader.air /Users/lzz/Documents/GitHub/AudioSampleBuffer/build/GlassDeviceDerivedData/Build/Intermediates.noindex/AudioSampleBuffer.build/Debug-iphoneos/AudioSampleBuffer.build/Metal/SpectrumViewShader.air

** BUILD SUCCEEDED **

