Command line invocation:
    /Applications/Xcode.app/Contents/Developer/usr/bin/xcodebuild -project AudioSampleBuffer.xcodeproj -scheme AudioSampleBuffer -configuration Debug -sdk iphonesimulator -destination "generic/platform=iOS Simulator" -derivedDataPath build/GlassDerivedData CODE_SIGNING_ALLOWED=NO build

Build settings from command line:
    CODE_SIGNING_ALLOWED = NO
    SDKROOT = iphonesimulator26.0

ComputePackagePrebuildTargetDependencyGraph

Prepare packages

CreateBuildRequest

SendProjectDescription

CreateBuildOperation

ComputeTargetDependencyGraph
note: Building targets in dependency order
note: Target dependency graph (1 target)
    Target 'AudioSampleBuffer' in project 'AudioSampleBuffer' (no dependencies)

GatherProvisioningInputs

CreateBuildDescription

ClangStatCache /Applications/Xcode.app/Contents/Developer/Toolchains/XcodeDefault.xctoolchain/usr/bin/clang-stat-cache /Applications/Xcode.app/Contents/Developer/Platforms/iPhoneSimulator.platform/Developer/SDKs/iPhoneSimulator26.0.sdk /Users/lzz/Documents/GitHub/AudioSampleBuffer/build/GlassDerivedData/SDKStatCaches.noindex/iphonesimulator26.0-23A339-3885c01c3e6b6a337905948deab2002e26257891a6c027eb51374368541b8346.sdkstatcache
    cd /Users/lzz/Documents/GitHub/AudioSampleBuffer/AudioSampleBuffer.xcodeproj
    /Applications/Xcode.app/Contents/Developer/Toolchains/XcodeDefault.xctoolchain/usr/bin/clang-stat-cache /Applications/Xcode.app/Contents/Developer/Platforms/iPhoneSimulator.platform/Developer/SDKs/iPhoneSimulator26.0.sdk -o /Users/lzz/Documents/GitHub/AudioSampleBuffer/build/GlassDerivedData/SDKStatCaches.noindex/iphonesimulator26.0-23A339-3885c01c3e6b6a337905948deab2002e26257891a6c027eb51374368541b8346.sdkstatcache

ScanDependencies /Users/lzz/Documents/GitHub/AudioSampleBuffer/build/GlassDerivedData/Build/Intermediates.noindex/AudioSampleBuffer.build/Debug-iphonesimulator/AudioSampleBuffer.build/Objects-normal/arm64/MetalRenderer.o /Users/lzz/Documents/GitHub/AudioSampleBuffer/AudioSampleBuffer/VisualEffects/Metal/MetalRenderer.m normal arm64 objective-c com.apple.compilers.llvm.clang.1_0.compiler (in target 'AudioSampleBuffer' from project 'AudioSampleBuffer')
    cd /Users/lzz/Documents/GitHub/AudioSampleBuffer
    
    Using response file: /Users/lzz/Documents/GitHub/AudioSampleBuffer/build/GlassDerivedData/Build/Intermediates.noindex/AudioSampleBuffer.build/Debug-iphonesimulator/AudioSampleBuffer.build/Objects-normal/arm64/e6072d4f65d7061329687fe24e3d63a7-common-args.resp
    
    builtin-ScanDependencies -o /Users/lzz/Documents/GitHub/AudioSampleBuffer/build/GlassDerivedData/Build/Intermediates.noindex/AudioSampleBuffer.build/Debug-iphonesimulator/AudioSampleBuffer.build/Objects-normal/arm64/MetalRenderer.o.scan -- /Applications/Xcode.app/Contents/Developer/Toolchains/XcodeDefault.xctoolchain/usr/bin/clang -x objective-c -ivfsstatcache /Users/lzz/Documents/GitHub/AudioSampleBuffer/build/GlassDerivedData/SDKStatCaches.noindex/iphonesimulator26.0-23A339-3885c01c3e6b6a337905948deab2002e26257891a6c027eb51374368541b8346.sdkstatcache -fmessage-length\=0 -fdiagnostics-show-note-include-stack -fmacro-backtrace-limit\=0 -fno-color-diagnostics -fmodules-prune-interval\=86400 -fmodules-prune-after\=345600 -fbuild-session-file\=/Users/lzz/Documents/GitHub/AudioSampleBuffer/build/GlassDerivedData/ModuleCache.noindex/Session.modulevalidation -fmodules-validate-once-per-build-session -Wnon-modular-include-in-framework-module -Werror\=non-modular-include-in-framework-module -Wno-trigraphs -Wno-missing-field-initializers -Wno-missing-prototypes -Werror\=return-type -Wdocumentation -Wunreachable-code -Wquoted-include-in-framework-header -Wno-implicit-atomic-properties -Werror\=deprecated-objc-isa-usage -Wno-objc-interface-ivars -Werror\=objc-root-class -Wno-arc-repeated-use-of-weak -Wimplicit-retain-self -Wduplicate-method-match -Wno-missing-braces -Wparentheses -Wswitch -Wunused-function -Wno-unused-label -Wno-unused-parameter -Wunused-variable -Wunused-value -Wempty-body -Wuninitialized -Wconditional-uninitialized -Wno-unknown-pragmas -Wno-shadow -Wno-four-char-constants -Wno-conversion -Wconstant-conversion -Wint-conversion -Wbool-conversion -Wenum-conversion -Wno-float-conversion -Wnon-literal-null-conversion -Wobjc-literal-conversion -Wshorten-64-to-32 -Wpointer-sign -Wno-newline-eof -Wno-selector -Wno-strict-selector-match -Wundeclared-selector -Wdeprecated-implementations -Wno-implicit-fallthrough -fstrict-aliasing -Wprotocol -Wdeprecated-declarations -Wno-sign-conversion -Winfinite-recursion -Wcomma -Wblock-capture-autoreleasing -Wstrict-prototypes -Wno-semicolon-before-method-body -Wunguarded-availability -index-store-path /Users/lzz/Documents/GitHub/AudioSampleBuffer/build/GlassDerivedData/Index.noindex/DataStore @/Users/lzz/Documents/GitHub/AudioSampleBuffer/build/GlassDerivedData/Build/Intermediates.noindex/AudioSampleBuffer.build/Debug-iphonesimulator/AudioSampleBuffer.build/Objects-normal/arm64/e6072d4f65d7061329687fe24e3d63a7-common-args.resp -MMD -MT dependencies -MF /Users/lzz/Documents/GitHub/AudioSampleBuffer/build/GlassDerivedData/Build/Intermediates.noindex/AudioSampleBuffer.build/Debug-iphonesimulator/AudioSampleBuffer.build/Objects-normal/arm64/MetalRenderer.d --serialize-diagnostics /Users/lzz/Documents/GitHub/AudioSampleBuffer/build/GlassDerivedData/Build/Intermediates.noindex/AudioSampleBuffer.build/Debug-iphonesimulator/AudioSampleBuffer.build/Objects-normal/arm64/MetalRenderer.dia -c /Users/lzz/Documents/GitHub/AudioSampleBuffer/AudioSampleBuffer/VisualEffects/Metal/MetalRenderer.m -o /Users/lzz/Documents/GitHub/AudioSampleBuffer/build/GlassDerivedData/Build/Intermediates.noindex/AudioSampleBuffer.build/Debug-iphonesimulator/AudioSampleBuffer.build/Objects-normal/arm64/MetalRenderer.o -index-unit-output-path /AudioSampleBuffer.build/Debug-iphonesimulator/AudioSampleBuffer.build/Objects-normal/arm64/MetalRenderer.o

CompileC /Users/lzz/Documents/GitHub/AudioSampleBuffer/build/GlassDerivedData/Build/Intermediates.noindex/AudioSampleBuffer.build/Debug-iphonesimulator/AudioSampleBuffer.build/Objects-normal/arm64/MetalRenderer.o /Users/lzz/Documents/GitHub/AudioSampleBuffer/AudioSampleBuffer/VisualEffects/Metal/MetalRenderer.m normal arm64 objective-c com.apple.compilers.llvm.clang.1_0.compiler (in target 'AudioSampleBuffer' from project 'AudioSampleBuffer')
    cd /Users/lzz/Documents/GitHub/AudioSampleBuffer
    
    Using response file: /Users/lzz/Documents/GitHub/AudioSampleBuffer/build/GlassDerivedData/Build/Intermediates.noindex/AudioSampleBuffer.build/Debug-iphonesimulator/AudioSampleBuffer.build/Objects-normal/arm64/e6072d4f65d7061329687fe24e3d63a7-common-args.resp
    
    /Applications/Xcode.app/Contents/Developer/Toolchains/XcodeDefault.xctoolchain/usr/bin/clang -x objective-c -ivfsstatcache /Users/lzz/Documents/GitHub/AudioSampleBuffer/build/GlassDerivedData/SDKStatCaches.noindex/iphonesimulator26.0-23A339-3885c01c3e6b6a337905948deab2002e26257891a6c027eb51374368541b8346.sdkstatcache -fmessage-length\=0 -fdiagnostics-show-note-include-stack -fmacro-backtrace-limit\=0 -fno-color-diagnostics -fmodules-prune-interval\=86400 -fmodules-prune-after\=345600 -fbuild-session-file\=/Users/lzz/Documents/GitHub/AudioSampleBuffer/build/GlassDerivedData/ModuleCache.noindex/Session.modulevalidation -fmodules-validate-once-per-build-session -Wnon-modular-include-in-framework-module -Werror\=non-modular-include-in-framework-module -Wno-trigraphs -Wno-missing-field-initializers -Wno-missing-prototypes -Werror\=return-type -Wdocumentation -Wunreachable-code -Wquoted-include-in-framework-header -Wno-implicit-atomic-properties -Werror\=deprecated-objc-isa-usage -Wno-objc-interface-ivars -Werror\=objc-root-class -Wno-arc-repeated-use-of-weak -Wimplicit-retain-self -Wduplicate-method-match -Wno-missing-braces -Wparentheses -Wswitch -Wunused-function -Wno-unused-label -Wno-unused-parameter -Wunused-variable -Wunused-value -Wempty-body -Wuninitialized -Wconditional-uninitialized -Wno-unknown-pragmas -Wno-shadow -Wno-four-char-constants -Wno-conversion -Wconstant-conversion -Wint-conversion -Wbool-conversion -Wenum-conversion -Wno-float-conversion -Wnon-literal-null-conversion -Wobjc-literal-conversion -Wshorten-64-to-32 -Wpointer-sign -Wno-newline-eof -Wno-selector -Wno-strict-selector-match -Wundeclared-selector -Wdeprecated-implementations -Wno-implicit-fallthrough -fstrict-aliasing -Wprotocol -Wdeprecated-declarations -Wno-sign-conversion -Winfinite-recursion -Wcomma -Wblock-capture-autoreleasing -Wstrict-prototypes -Wno-semicolon-before-method-body -Wunguarded-availability -index-store-path /Users/lzz/Documents/GitHub/AudioSampleBuffer/build/GlassDerivedData/Index.noindex/DataStore @/Users/lzz/Documents/GitHub/AudioSampleBuffer/build/GlassDerivedData/Build/Intermediates.noindex/AudioSampleBuffer.build/Debug-iphonesimulator/AudioSampleBuffer.build/Objects-normal/arm64/e6072d4f65d7061329687fe24e3d63a7-common-args.resp -MMD -MT dependencies -MF /Users/lzz/Documents/GitHub/AudioSampleBuffer/build/GlassDerivedData/Build/Intermediates.noindex/AudioSampleBuffer.build/Debug-iphonesimulator/AudioSampleBuffer.build/Objects-normal/arm64/MetalRenderer.d --serialize-diagnostics /Users/lzz/Documents/GitHub/AudioSampleBuffer/build/GlassDerivedData/Build/Intermediates.noindex/AudioSampleBuffer.build/Debug-iphonesimulator/AudioSampleBuffer.build/Objects-normal/arm64/MetalRenderer.dia -c /Users/lzz/Documents/GitHub/AudioSampleBuffer/AudioSampleBuffer/VisualEffects/Metal/MetalRenderer.m -o /Users/lzz/Documents/GitHub/AudioSampleBuffer/build/GlassDerivedData/Build/Intermediates.noindex/AudioSampleBuffer.build/Debug-iphonesimulator/AudioSampleBuffer.build/Objects-normal/arm64/MetalRenderer.o -index-unit-output-path /AudioSampleBuffer.build/Debug-iphonesimulator/AudioSampleBuffer.build/Objects-normal/arm64/MetalRenderer.o
/Users/lzz/Documents/GitHub/AudioSampleBuffer/AudioSampleBuffer/VisualEffects/Metal/MetalRenderer.m:186:36: warning: null passed to a callee that requires a non-null argument [-Wnonnull]
  186 |         self.currentSpectrumData = nil;
      |                                    ^~~
In module 'Foundation' imported from /Users/lzz/Documents/GitHub/AudioSampleBuffer/AudioSampleBuffer/VisualEffects/Metal/MetalRenderer.h:8:
In module 'CoreFoundation' imported from /Applications/Xcode.app/Contents/Developer/Platforms/iPhoneSimulator.platform/Developer/SDKs/iPhoneSimulator.sdk/System/Library/Frameworks/Foundation.framework/Headers/Foundation.h:6:
In module 'Darwin' imported from /Applications/Xcode.app/Contents/Developer/Platforms/iPhoneSimulator.platform/Developer/SDKs/iPhoneSimulator26.0.sdk/System/Library/Frameworks/CoreFoundation.framework/Headers/CFBase.h:75:
/Applications/Xcode.app/Contents/Developer/Platforms/iPhoneSimulator.platform/Developer/SDKs/iPhoneSimulator.sdk/usr/include/MacTypes.h:96:19: note: expanded from macro 'nil'
   96 |       #define nil __DARWIN_NULL
      |                   ^~~~~~~~~~~~~
In module '_DarwinFoundation2' imported from /Applications/Xcode.app/Contents/Developer/Platforms/iPhoneSimulator.platform/Developer/SDKs/iPhoneSimulator26.0.sdk/usr/include/string.h:58:
/Applications/Xcode.app/Contents/Developer/Platforms/iPhoneSimulator.platform/Developer/SDKs/iPhoneSimulator26.0.sdk/usr/include/sys/_types.h:52:23: note: expanded from macro '__DARWIN_NULL'
   52 | #define __DARWIN_NULL NULL
      |                       ^~~~
In module '_DarwinFoundation2' imported from /Applications/Xcode.app/Contents/Developer/Platforms/iPhoneSimulator.platform/Developer/SDKs/iPhoneSimulator26.0.sdk/usr/include/string.h:58:
In module '_Builtin_stddef' imported from /Applications/Xcode.app/Contents/Developer/Toolchains/XcodeDefault.xctoolchain/usr/lib/clang/17/include/stddef.h:93:
/Applications/Xcode.app/Contents/Developer/Toolchains/XcodeDefault.xctoolchain/usr/lib/clang/17/include/__stddef_null.h:26:14: note: expanded from macro 'NULL'
   26 | #define NULL ((void*)0)
      |              ^~~~~~~~~~
/Users/lzz/Documents/GitHub/AudioSampleBuffer/AudioSampleBuffer/VisualEffects/Metal/MetalRenderer.m:1301:84: warning: incomplete format specifier [-Wformat]
 1301 |     NSLog(@"✨ 漂浮光点: 超轻量级 - 8光球(高音变色)+5星点，GPU<20%");
      |                                                                  ^
/Users/lzz/Documents/GitHub/AudioSampleBuffer/AudioSampleBuffer/VisualEffects/Metal/MetalRenderer.m:1292:15: warning: unused variable 'deviceName' [-Wunused-variable]
 1292 |     NSString *deviceName = self.device.name;
      |               ^~~~~~~~~~
3 warnings generated.

Ld /Users/lzz/Documents/GitHub/AudioSampleBuffer/build/GlassDerivedData/Build/Intermediates.noindex/AudioSampleBuffer.build/Debug-iphonesimulator/AudioSampleBuffer.build/Objects-normal/arm64/Binary/AudioSampleBuffer normal arm64 (in target 'AudioSampleBuffer' from project 'AudioSampleBuffer')
    cd /Users/lzz/Documents/GitHub/AudioSampleBuffer
    /Applications/Xcode.app/Contents/Developer/Toolchains/XcodeDefault.xctoolchain/usr/bin/clang++ -Xlinker -reproducible -target arm64-apple-ios15.6-simulator -isysroot /Applications/Xcode.app/Contents/Developer/Platforms/iPhoneSimulator.platform/Developer/SDKs/iPhoneSimulator26.0.sdk -O0 -L/Users/lzz/Documents/GitHub/AudioSampleBuffer/build/GlassDerivedData/Build/Intermediates.noindex/EagerLinkingTBDs/Debug-iphonesimulator -L/Users/lzz/Documents/GitHub/AudioSampleBuffer/build/GlassDerivedData/Build/Products/Debug-iphonesimulator -F/Users/lzz/Documents/GitHub/AudioSampleBuffer/build/GlassDerivedData/Build/Intermediates.noindex/EagerLinkingTBDs/Debug-iphonesimulator -F/Users/lzz/Documents/GitHub/AudioSampleBuffer/build/GlassDerivedData/Build/Products/Debug-iphonesimulator -filelist /Users/lzz/Documents/GitHub/AudioSampleBuffer/build/GlassDerivedData/Build/Intermediates.noindex/AudioSampleBuffer.build/Debug-iphonesimulator/AudioSampleBuffer.build/Objects-normal/arm64/AudioSampleBuffer.LinkFileList -Xlinker -rpath -Xlinker @executable_path/Frameworks -dead_strip -Xlinker -object_path_lto -Xlinker /Users/lzz/Documents/GitHub/AudioSampleBuffer/build/GlassDerivedData/Build/Intermediates.noindex/AudioSampleBuffer.build/Debug-iphonesimulator/AudioSampleBuffer.build/Objects-normal/arm64/AudioSampleBuffer_lto.o -rdynamic -Xlinker -no_deduplicate -Xlinker -objc_abi_version -Xlinker 2 -Xlinker -dependency_info -Xlinker /Users/lzz/Documents/GitHub/AudioSampleBuffer/build/GlassDerivedData/Build/Intermediates.noindex/AudioSampleBuffer.build/Debug-iphonesimulator/AudioSampleBuffer.build/Objects-normal/arm64/AudioSampleBuffer_dependency_info.dat -fobjc-arc -fobjc-link-runtime -framework AudioToolbox -o /Users/lzz/Documents/GitHub/AudioSampleBuffer/build/GlassDerivedData/Build/Intermediates.noindex/AudioSampleBuffer.build/Debug-iphonesimulator/AudioSampleBuffer.build/Objects-normal/arm64/Binary/AudioSampleBuffer

ScanDependencies /Users/lzz/Documents/GitHub/AudioSampleBuffer/build/GlassDerivedData/Build/Intermediates.noindex/AudioSampleBuffer.build/Debug-iphonesimulator/AudioSampleBuffer.build/Objects-normal/x86_64/MetalRenderer.o /Users/lzz/Documents/GitHub/AudioSampleBuffer/AudioSampleBuffer/VisualEffects/Metal/MetalRenderer.m normal x86_64 objective-c com.apple.compilers.llvm.clang.1_0.compiler (in target 'AudioSampleBuffer' from project 'AudioSampleBuffer')
    cd /Users/lzz/Documents/GitHub/AudioSampleBuffer
    
    Using response file: /Users/lzz/Documents/GitHub/AudioSampleBuffer/build/GlassDerivedData/Build/Intermediates.noindex/AudioSampleBuffer.build/Debug-iphonesimulator/AudioSampleBuffer.build/Objects-normal/x86_64/e6072d4f65d7061329687fe24e3d63a7-common-args.resp
    
    builtin-ScanDependencies -o /Users/lzz/Documents/GitHub/AudioSampleBuffer/build/GlassDerivedData/Build/Intermediates.noindex/AudioSampleBuffer.build/Debug-iphonesimulator/AudioSampleBuffer.build/Objects-normal/x86_64/MetalRenderer.o.scan -- /Applications/Xcode.app/Contents/Developer/Toolchains/XcodeDefault.xctoolchain/usr/bin/clang -x objective-c -ivfsstatcache /Users/lzz/Documents/GitHub/AudioSampleBuffer/build/GlassDerivedData/SDKStatCaches.noindex/iphonesimulator26.0-23A339-3885c01c3e6b6a337905948deab2002e26257891a6c027eb51374368541b8346.sdkstatcache -fmessage-length\=0 -fdiagnostics-show-note-include-stack -fmacro-backtrace-limit\=0 -fno-color-diagnostics -fmodules-prune-interval\=86400 -fmodules-prune-after\=345600 -fbuild-session-file\=/Users/lzz/Documents/GitHub/AudioSampleBuffer/build/GlassDerivedData/ModuleCache.noindex/Session.modulevalidation -fmodules-validate-once-per-build-session -Wnon-modular-include-in-framework-module -Werror\=non-modular-include-in-framework-module -Wno-trigraphs -Wno-missing-field-initializers -Wno-missing-prototypes -Werror\=return-type -Wdocumentation -Wunreachable-code -Wquoted-include-in-framework-header -Wno-implicit-atomic-properties -Werror\=deprecated-objc-isa-usage -Wno-objc-interface-ivars -Werror\=objc-root-class -Wno-arc-repeated-use-of-weak -Wimplicit-retain-self -Wduplicate-method-match -Wno-missing-braces -Wparentheses -Wswitch -Wunused-function -Wno-unused-label -Wno-unused-parameter -Wunused-variable -Wunused-value -Wempty-body -Wuninitialized -Wconditional-uninitialized -Wno-unknown-pragmas -Wno-shadow -Wno-four-char-constants -Wno-conversion -Wconstant-conversion -Wint-conversion -Wbool-conversion -Wenum-conversion -Wno-float-conversion -Wnon-literal-null-conversion -Wobjc-literal-conversion -Wshorten-64-to-32 -Wpointer-sign -Wno-newline-eof -Wno-selector -Wno-strict-selector-match -Wundeclared-selector -Wdeprecated-implementations -Wno-implicit-fallthrough -fstrict-aliasing -Wprotocol -Wdeprecated-declarations -Wno-sign-conversion -Winfinite-recursion -Wcomma -Wblock-capture-autoreleasing -Wstrict-prototypes -Wno-semicolon-before-method-body -Wunguarded-availability -index-store-path /Users/lzz/Documents/GitHub/AudioSampleBuffer/build/GlassDerivedData/Index.noindex/DataStore @/Users/lzz/Documents/GitHub/AudioSampleBuffer/build/GlassDerivedData/Build/Intermediates.noindex/AudioSampleBuffer.build/Debug-iphonesimulator/AudioSampleBuffer.build/Objects-normal/x86_64/e6072d4f65d7061329687fe24e3d63a7-common-args.resp -MMD -MT dependencies -MF /Users/lzz/Documents/GitHub/AudioSampleBuffer/build/GlassDerivedData/Build/Intermediates.noindex/AudioSampleBuffer.build/Debug-iphonesimulator/AudioSampleBuffer.build/Objects-normal/x86_64/MetalRenderer.d --serialize-diagnostics /Users/lzz/Documents/GitHub/AudioSampleBuffer/build/GlassDerivedData/Build/Intermediates.noindex/AudioSampleBuffer.build/Debug-iphonesimulator/AudioSampleBuffer.build/Objects-normal/x86_64/MetalRenderer.dia -c /Users/lzz/Documents/GitHub/AudioSampleBuffer/AudioSampleBuffer/VisualEffects/Metal/MetalRenderer.m -o /Users/lzz/Documents/GitHub/AudioSampleBuffer/build/GlassDerivedData/Build/Intermediates.noindex/AudioSampleBuffer.build/Debug-iphonesimulator/AudioSampleBuffer.build/Objects-normal/x86_64/MetalRenderer.o -index-unit-output-path /AudioSampleBuffer.build/Debug-iphonesimulator/AudioSampleBuffer.build/Objects-normal/x86_64/MetalRenderer.o

CompileC /Users/lzz/Documents/GitHub/AudioSampleBuffer/build/GlassDerivedData/Build/Intermediates.noindex/AudioSampleBuffer.build/Debug-iphonesimulator/AudioSampleBuffer.build/Objects-normal/x86_64/MetalRenderer.o /Users/lzz/Documents/GitHub/AudioSampleBuffer/AudioSampleBuffer/VisualEffects/Metal/MetalRenderer.m normal x86_64 objective-c com.apple.compilers.llvm.clang.1_0.compiler (in target 'AudioSampleBuffer' from project 'AudioSampleBuffer')
    cd /Users/lzz/Documents/GitHub/AudioSampleBuffer
    
    Using response file: /Users/lzz/Documents/GitHub/AudioSampleBuffer/build/GlassDerivedData/Build/Intermediates.noindex/AudioSampleBuffer.build/Debug-iphonesimulator/AudioSampleBuffer.build/Objects-normal/x86_64/e6072d4f65d7061329687fe24e3d63a7-common-args.resp
    
    /Applications/Xcode.app/Contents/Developer/Toolchains/XcodeDefault.xctoolchain/usr/bin/clang -x objective-c -ivfsstatcache /Users/lzz/Documents/GitHub/AudioSampleBuffer/build/GlassDerivedData/SDKStatCaches.noindex/iphonesimulator26.0-23A339-3885c01c3e6b6a337905948deab2002e26257891a6c027eb51374368541b8346.sdkstatcache -fmessage-length\=0 -fdiagnostics-show-note-include-stack -fmacro-backtrace-limit\=0 -fno-color-diagnostics -fmodules-prune-interval\=86400 -fmodules-prune-after\=345600 -fbuild-session-file\=/Users/lzz/Documents/GitHub/AudioSampleBuffer/build/GlassDerivedData/ModuleCache.noindex/Session.modulevalidation -fmodules-validate-once-per-build-session -Wnon-modular-include-in-framework-module -Werror\=non-modular-include-in-framework-module -Wno-trigraphs -Wno-missing-field-initializers -Wno-missing-prototypes -Werror\=return-type -Wdocumentation -Wunreachable-code -Wquoted-include-in-framework-header -Wno-implicit-atomic-properties -Werror\=deprecated-objc-isa-usage -Wno-objc-interface-ivars -Werror\=objc-root-class -Wno-arc-repeated-use-of-weak -Wimplicit-retain-self -Wduplicate-method-match -Wno-missing-braces -Wparentheses -Wswitch -Wunused-function -Wno-unused-label -Wno-unused-parameter -Wunused-variable -Wunused-value -Wempty-body -Wuninitialized -Wconditional-uninitialized -Wno-unknown-pragmas -Wno-shadow -Wno-four-char-constants -Wno-conversion -Wconstant-conversion -Wint-conversion -Wbool-conversion -Wenum-conversion -Wno-float-conversion -Wnon-literal-null-conversion -Wobjc-literal-conversion -Wshorten-64-to-32 -Wpointer-sign -Wno-newline-eof -Wno-selector -Wno-strict-selector-match -Wundeclared-selector -Wdeprecated-implementations -Wno-implicit-fallthrough -fstrict-aliasing -Wprotocol -Wdeprecated-declarations -Wno-sign-conversion -Winfinite-recursion -Wcomma -Wblock-capture-autoreleasing -Wstrict-prototypes -Wno-semicolon-before-method-body -Wunguarded-availability -index-store-path /Users/lzz/Documents/GitHub/AudioSampleBuffer/build/GlassDerivedData/Index.noindex/DataStore @/Users/lzz/Documents/GitHub/AudioSampleBuffer/build/GlassDerivedData/Build/Intermediates.noindex/AudioSampleBuffer.build/Debug-iphonesimulator/AudioSampleBuffer.build/Objects-normal/x86_64/e6072d4f65d7061329687fe24e3d63a7-common-args.resp -MMD -MT dependencies -MF /Users/lzz/Documents/GitHub/AudioSampleBuffer/build/GlassDerivedData/Build/Intermediates.noindex/AudioSampleBuffer.build/Debug-iphonesimulator/AudioSampleBuffer.build/Objects-normal/x86_64/MetalRenderer.d --serialize-diagnostics /Users/lzz/Documents/GitHub/AudioSampleBuffer/build/GlassDerivedData/Build/Intermediates.noindex/AudioSampleBuffer.build/Debug-iphonesimulator/AudioSampleBuffer.build/Objects-normal/x86_64/MetalRenderer.dia -c /Users/lzz/Documents/GitHub/AudioSampleBuffer/AudioSampleBuffer/VisualEffects/Metal/MetalRenderer.m -o /Users/lzz/Documents/GitHub/AudioSampleBuffer/build/GlassDerivedData/Build/Intermediates.noindex/AudioSampleBuffer.build/Debug-iphonesimulator/AudioSampleBuffer.build/Objects-normal/x86_64/MetalRenderer.o -index-unit-output-path /AudioSampleBuffer.build/Debug-iphonesimulator/AudioSampleBuffer.build/Objects-normal/x86_64/MetalRenderer.o
/Users/lzz/Documents/GitHub/AudioSampleBuffer/AudioSampleBuffer/VisualEffects/Metal/MetalRenderer.m:186:36: warning: null passed to a callee that requires a non-null argument [-Wnonnull]
  186 |         self.currentSpectrumData = nil;
      |                                    ^~~
In module 'Foundation' imported from /Users/lzz/Documents/GitHub/AudioSampleBuffer/AudioSampleBuffer/VisualEffects/Metal/MetalRenderer.h:8:
In module 'CoreFoundation' imported from /Applications/Xcode.app/Contents/Developer/Platforms/iPhoneSimulator.platform/Developer/SDKs/iPhoneSimulator.sdk/System/Library/Frameworks/Foundation.framework/Headers/Foundation.h:6:
In module 'Darwin' imported from /Applications/Xcode.app/Contents/Developer/Platforms/iPhoneSimulator.platform/Developer/SDKs/iPhoneSimulator26.0.sdk/System/Library/Frameworks/CoreFoundation.framework/Headers/CFBase.h:75:
/Applications/Xcode.app/Contents/Developer/Platforms/iPhoneSimulator.platform/Developer/SDKs/iPhoneSimulator.sdk/usr/include/MacTypes.h:96:19: note: expanded from macro 'nil'
   96 |       #define nil __DARWIN_NULL
      |                   ^~~~~~~~~~~~~
In module '_DarwinFoundation2' imported from /Applications/Xcode.app/Contents/Developer/Platforms/iPhoneSimulator.platform/Developer/SDKs/iPhoneSimulator26.0.sdk/usr/include/string.h:58:
/Applications/Xcode.app/Contents/Developer/Platforms/iPhoneSimulator.platform/Developer/SDKs/iPhoneSimulator26.0.sdk/usr/include/sys/_types.h:52:23: note: expanded from macro '__DARWIN_NULL'
   52 | #define __DARWIN_NULL NULL
      |                       ^~~~
In module '_DarwinFoundation2' imported from /Applications/Xcode.app/Contents/Developer/Platforms/iPhoneSimulator.platform/Developer/SDKs/iPhoneSimulator26.0.sdk/usr/include/string.h:58:
In module '_Builtin_stddef' imported from /Applications/Xcode.app/Contents/Developer/Toolchains/XcodeDefault.xctoolchain/usr/lib/clang/17/include/stddef.h:93:
/Applications/Xcode.app/Contents/Developer/Toolchains/XcodeDefault.xctoolchain/usr/lib/clang/17/include/__stddef_null.h:26:14: note: expanded from macro 'NULL'
   26 | #define NULL ((void*)0)
      |              ^~~~~~~~~~
/Users/lzz/Documents/GitHub/AudioSampleBuffer/AudioSampleBuffer/VisualEffects/Metal/MetalRenderer.m:1301:84: warning: incomplete format specifier [-Wformat]
 1301 |     NSLog(@"✨ 漂浮光点: 超轻量级 - 8光球(高音变色)+5星点，GPU<20%");
      |                                                                  ^
/Users/lzz/Documents/GitHub/AudioSampleBuffer/AudioSampleBuffer/VisualEffects/Metal/MetalRenderer.m:1292:15: warning: unused variable 'deviceName' [-Wunused-variable]
 1292 |     NSString *deviceName = self.device.name;
      |               ^~~~~~~~~~
3 warnings generated.

Ld /Users/lzz/Documents/GitHub/AudioSampleBuffer/build/GlassDerivedData/Build/Intermediates.noindex/AudioSampleBuffer.build/Debug-iphonesimulator/AudioSampleBuffer.build/Objects-normal/x86_64/Binary/AudioSampleBuffer normal x86_64 (in target 'AudioSampleBuffer' from project 'AudioSampleBuffer')
    cd /Users/lzz/Documents/GitHub/AudioSampleBuffer
    /Applications/Xcode.app/Contents/Developer/Toolchains/XcodeDefault.xctoolchain/usr/bin/clang++ -Xlinker -reproducible -target x86_64-apple-ios15.6-simulator -isysroot /Applications/Xcode.app/Contents/Developer/Platforms/iPhoneSimulator.platform/Developer/SDKs/iPhoneSimulator26.0.sdk -O0 -L/Users/lzz/Documents/GitHub/AudioSampleBuffer/build/GlassDerivedData/Build/Intermediates.noindex/EagerLinkingTBDs/Debug-iphonesimulator -L/Users/lzz/Documents/GitHub/AudioSampleBuffer/build/GlassDerivedData/Build/Products/Debug-iphonesimulator -F/Users/lzz/Documents/GitHub/AudioSampleBuffer/build/GlassDerivedData/Build/Intermediates.noindex/EagerLinkingTBDs/Debug-iphonesimulator -F/Users/lzz/Documents/GitHub/AudioSampleBuffer/build/GlassDerivedData/Build/Products/Debug-iphonesimulator -filelist /Users/lzz/Documents/GitHub/AudioSampleBuffer/build/GlassDerivedData/Build/Intermediates.noindex/AudioSampleBuffer.build/Debug-iphonesimulator/AudioSampleBuffer.build/Objects-normal/x86_64/AudioSampleBuffer.LinkFileList -Xlinker -rpath -Xlinker @executable_path/Frameworks -dead_strip -Xlinker -object_path_lto -Xlinker /Users/lzz/Documents/GitHub/AudioSampleBuffer/build/GlassDerivedData/Build/Intermediates.noindex/AudioSampleBuffer.build/Debug-iphonesimulator/AudioSampleBuffer.build/Objects-normal/x86_64/AudioSampleBuffer_lto.o -rdynamic -Xlinker -no_deduplicate -Xlinker -objc_abi_version -Xlinker 2 -Xlinker -dependency_info -Xlinker /Users/lzz/Documents/GitHub/AudioSampleBuffer/build/GlassDerivedData/Build/Intermediates.noindex/AudioSampleBuffer.build/Debug-iphonesimulator/AudioSampleBuffer.build/Objects-normal/x86_64/AudioSampleBuffer_dependency_info.dat -fobjc-arc -fobjc-link-runtime -framework AudioToolbox -o /Users/lzz/Documents/GitHub/AudioSampleBuffer/build/GlassDerivedData/Build/Intermediates.noindex/AudioSampleBuffer.build/Debug-iphonesimulator/AudioSampleBuffer.build/Objects-normal/x86_64/Binary/AudioSampleBuffer

CreateUniversalBinary /Users/lzz/Documents/GitHub/AudioSampleBuffer/build/GlassDerivedData/Build/Products/Debug-iphonesimulator/AudioSampleBuffer.app/AudioSampleBuffer normal arm64\ x86_64 (in target 'AudioSampleBuffer' from project 'AudioSampleBuffer')
    cd /Users/lzz/Documents/GitHub/AudioSampleBuffer
    /Applications/Xcode.app/Contents/Developer/Toolchains/XcodeDefault.xctoolchain/usr/bin/lipo -create /Users/lzz/Documents/GitHub/AudioSampleBuffer/build/GlassDerivedData/Build/Intermediates.noindex/AudioSampleBuffer.build/Debug-iphonesimulator/AudioSampleBuffer.build/Objects-normal/arm64/Binary/AudioSampleBuffer /Users/lzz/Documents/GitHub/AudioSampleBuffer/build/GlassDerivedData/Build/Intermediates.noindex/AudioSampleBuffer.build/Debug-iphonesimulator/AudioSampleBuffer.build/Objects-normal/x86_64/Binary/AudioSampleBuffer -output /Users/lzz/Documents/GitHub/AudioSampleBuffer/build/GlassDerivedData/Build/Products/Debug-iphonesimulator/AudioSampleBuffer.app/AudioSampleBuffer

CompileMetalFile /Users/lzz/Documents/GitHub/AudioSampleBuffer/AudioSampleBuffer/VisualEffects/Metal/GlassResonanceShader.metal (in target 'AudioSampleBuffer' from project 'AudioSampleBuffer')
    cd /Users/lzz/Documents/GitHub/AudioSampleBuffer
    /var/run/com.apple.security.cryptexd/mnt/com.apple.MobileAsset.MetalToolchain-v17.1.324.0.Z1DKNo/Metal.xctoolchain/usr/bin/metal -c -target air64-apple-ios15.6-simulator -gline-tables-only -frecord-sources -I/Users/lzz/Documents/GitHub/AudioSampleBuffer/build/GlassDerivedData/Build/Products/Debug-iphonesimulator/include -F/Users/lzz/Documents/GitHub/AudioSampleBuffer/build/GlassDerivedData/Build/Products/Debug-iphonesimulator -isysroot /Applications/Xcode.app/Contents/Developer/Platforms/iPhoneSimulator.platform/Developer/SDKs/iPhoneSimulator26.0.sdk -fmetal-math-mode\=fast -fmetal-math-fp32-functions\=fast -serialize-diagnostics /Users/lzz/Documents/GitHub/AudioSampleBuffer/build/GlassDerivedData/Build/Intermediates.noindex/AudioSampleBuffer.build/Debug-iphonesimulator/AudioSampleBuffer.build/Metal/GlassResonanceShader.dia -o /Users/lzz/Documents/GitHub/AudioSampleBuffer/build/GlassDerivedData/Build/Intermediates.noindex/AudioSampleBuffer.build/Debug-iphonesimulator/AudioSampleBuffer.build/Metal/GlassResonanceShader.air -index-store-path /Users/lzz/Documents/GitHub/AudioSampleBuffer/build/GlassDerivedData/Index.noindex/DataStore -MMD -MT dependencies -MF /Users/lzz/Documents/GitHub/AudioSampleBuffer/build/GlassDerivedData/Build/Intermediates.noindex/AudioSampleBuffer.build/Debug-iphonesimulator/AudioSampleBuffer.build/Metal/GlassResonanceShader.dat /Users/lzz/Documents/GitHub/AudioSampleBuffer/AudioSampleBuffer/VisualEffects/Metal/GlassResonanceShader.metal
/Users/lzz/Documents/GitHub/AudioSampleBuffer/AudioSampleBuffer/VisualEffects/Metal/GlassResonanceShader.metal:132:16: error: program scope variable must reside in constant address space
constexpr uint GlassTrailPointCount = 28;
               ^
/Users/lzz/Documents/GitHub/AudioSampleBuffer/AudioSampleBuffer/VisualEffects/Metal/GlassResonanceShader.metal:138:42: error: type 'const constant GlassTouchTrailUniforms &' is not valid for attribute 'buffer'
                                         constant GlassTouchTrailUniforms &trail [[buffer(1)]]) {
                                         ^                                         ~~~~~~~~~
/Users/lzz/Documents/GitHub/AudioSampleBuffer/AudioSampleBuffer/VisualEffects/Metal/GlassResonanceShader.metal:138:51: note: type 'GlassTouchTrailUniforms' cannot be used in buffer pointee type
                                         constant GlassTouchTrailUniforms &trail [[buffer(1)]]) {
                                                  ^
2 errors generated.

** BUILD FAILED **


The following build commands failed:
	CompileMetalFile /Users/lzz/Documents/GitHub/AudioSampleBuffer/AudioSampleBuffer/VisualEffects/Metal/GlassResonanceShader.metal (in target 'AudioSampleBuffer' from project 'AudioSampleBuffer')
	Building project AudioSampleBuffer with scheme AudioSampleBuffer and configuration Debug
(2 failures)
